Archive member included to satisfy reference by file (symbol)

c:/arm/toolchain/bin/../lib/gcc/arm-none-eabi/5.2.1/../../../../arm-none-eabi/lib/armv7-m\libm.a(lib_a-s_ceil.o)
                              ./src/planner.o (ceil)
c:/arm/toolchain/bin/../lib/gcc/arm-none-eabi/5.2.1/../../../../arm-none-eabi/lib/armv7-m\libm.a(lib_a-s_floor.o)
                              ./src/planner.o (floor)
c:/arm/toolchain/bin/../lib/gcc/arm-none-eabi/5.2.1/../../../../arm-none-eabi/lib/armv7-m\libm.a(lib_a-s_lround.o)
                              ./src/planner.o (lround)
c:/arm/toolchain/bin/../lib/gcc/arm-none-eabi/5.2.1/../../../../arm-none-eabi/lib/armv7-m\libm.a(lib_a-s_trunc.o)
                              ./src/gcode.o (trunc)
c:/arm/toolchain/bin/../lib/gcc/arm-none-eabi/5.2.1/../../../../arm-none-eabi/lib/armv7-m\libm.a(lib_a-w_sqrt.o)
                              ./src/planner.o (sqrt)
c:/arm/toolchain/bin/../lib/gcc/arm-none-eabi/5.2.1/../../../../arm-none-eabi/lib/armv7-m\libm.a(lib_a-e_sqrt.o)
                              c:/arm/toolchain/bin/../lib/gcc/arm-none-eabi/5.2.1/../../../../arm-none-eabi/lib/armv7-m\libm.a(lib_a-w_sqrt.o) (__ieee754_sqrt)
c:/arm/toolchain/bin/../lib/gcc/arm-none-eabi/5.2.1/../../../../arm-none-eabi/lib/armv7-m\libm.a(lib_a-s_fpclassify.o)
                              c:/arm/toolchain/bin/../lib/gcc/arm-none-eabi/5.2.1/../../../../arm-none-eabi/lib/armv7-m\libm.a(lib_a-w_sqrt.o) (__fpclassifyd)
c:/arm/toolchain/bin/../lib/gcc/arm-none-eabi/5.2.1/../../../../arm-none-eabi/lib/armv7-m\libm.a(lib_a-s_lib_ver.o)
                              c:/arm/toolchain/bin/../lib/gcc/arm-none-eabi/5.2.1/../../../../arm-none-eabi/lib/armv7-m\libm.a(lib_a-w_sqrt.o) (__fdlib_version)
c:/arm/toolchain/bin/../lib/gcc/arm-none-eabi/5.2.1/../../../../arm-none-eabi/lib/armv7-m\libm.a(lib_a-s_matherr.o)
                              c:/arm/toolchain/bin/../lib/gcc/arm-none-eabi/5.2.1/../../../../arm-none-eabi/lib/armv7-m\libm.a(lib_a-w_sqrt.o) (matherr)
c:/arm/toolchain/bin/../lib/gcc/arm-none-eabi/5.2.1/armv7-m\libgcc.a(_arm_addsubdf3.o)
                              ./src/gcode.o (__aeabi_dsub)
c:/arm/toolchain/bin/../lib/gcc/arm-none-eabi/5.2.1/armv7-m\libgcc.a(_arm_muldivdf3.o)
                              ./src/gcode.o (__aeabi_dmul)
c:/arm/toolchain/bin/../lib/gcc/arm-none-eabi/5.2.1/armv7-m\libgcc.a(_arm_cmpdf2.o)
                              ./src/gcode.o (__aeabi_dcmpeq)
c:/arm/toolchain/bin/../lib/gcc/arm-none-eabi/5.2.1/armv7-m\libgcc.a(_arm_fixdfsi.o)
                              ./src/gcode.o (__aeabi_d2iz)
c:/arm/toolchain/bin/../lib/gcc/arm-none-eabi/5.2.1/armv7-m\libgcc.a(_arm_fixunsdfsi.o)
                              ./src/gcode.o (__aeabi_d2uiz)
c:/arm/toolchain/bin/../lib/gcc/arm-none-eabi/5.2.1/armv7-m\libgcc.a(_arm_truncdfsf2.o)
                              ./src/gcode.o (__aeabi_d2f)
c:/arm/toolchain/bin/../lib/gcc/arm-none-eabi/5.2.1/armv7-m\libgcc.a(_arm_addsubsf3.o)
                              ./src/usbd_cdc_if.o (__aeabi_fadd)
c:/arm/toolchain/bin/../lib/gcc/arm-none-eabi/5.2.1/armv7-m\libgcc.a(_arm_muldivsf3.o)
                              ./src/stepper.o (__aeabi_fmul)
c:/arm/toolchain/bin/../lib/gcc/arm-none-eabi/5.2.1/armv7-m\libgcc.a(_arm_cmpsf2.o)
                              ./src/usbd_cdc_if.o (__aeabi_fcmplt)
c:/arm/toolchain/bin/../lib/gcc/arm-none-eabi/5.2.1/armv7-m\libgcc.a(_arm_fixsfsi.o)
                              ./src/usbd_cdc_if.o (__aeabi_f2iz)
c:/arm/toolchain/bin/../lib/gcc/arm-none-eabi/5.2.1/armv7-m\libgcc.a(_arm_fixunssfsi.o)
                              ./src/stepper.o (__aeabi_f2uiz)
c:/arm/toolchain/bin/../lib/gcc/arm-none-eabi/5.2.1/armv7-m\libgcc.a(unwind-arm.o)
                              ./system/src/newlib/_cxx.o (__aeabi_unwind_cpp_pr0)
c:/arm/toolchain/bin/../lib/gcc/arm-none-eabi/5.2.1/armv7-m\libgcc.a(libunwind.o)
                              c:/arm/toolchain/bin/../lib/gcc/arm-none-eabi/5.2.1/armv7-m\libgcc.a(unwind-arm.o) (restore_core_regs)
c:/arm/toolchain/bin/../lib/gcc/arm-none-eabi/5.2.1/armv7-m\libgcc.a(pr-support.o)
                              c:/arm/toolchain/bin/../lib/gcc/arm-none-eabi/5.2.1/armv7-m\libgcc.a(unwind-arm.o) (__gnu_unwind_execute)
c:/arm/toolchain/bin/../lib/gcc/arm-none-eabi/5.2.1/../../../../arm-none-eabi/lib/armv7-m\libg_nano.a(lib_a-errno.o)
                              ./system/src/newlib/_sbrk.o (__errno)
c:/arm/toolchain/bin/../lib/gcc/arm-none-eabi/5.2.1/../../../../arm-none-eabi/lib/armv7-m\libg_nano.a(lib_a-impure.o)
                              c:/arm/toolchain/bin/../lib/gcc/arm-none-eabi/5.2.1/../../../../arm-none-eabi/lib/armv7-m\libg_nano.a(lib_a-errno.o) (_impure_ptr)
c:/arm/toolchain/bin/../lib/gcc/arm-none-eabi/5.2.1/../../../../arm-none-eabi/lib/armv7-m\libg_nano.a(lib_a-init.o)
                              ./system/src/cmsis/startup_stm32f205xx.o (__libc_init_array)
[...]
Memory Configuration

Name             Origin             Length             Attributes
FLASH            0x08000000         0x00020000         xr
RAM              0x20000000         0x00010000         xrw
CCMRAM           0x10000000         0x00000000         xrw
FLASHB1          0x00000000         0x00000000         xr
EXTMEMB0         0x00000000         0x00000000         xr
EXTMEMB1         0x00000000         0x00000000         xr
EXTMEMB2         0x00000000         0x00000000         xr
EXTMEMB3         0x00000000         0x00000000         xr
*default*        0x00000000         0xffffffff

Linker script and memory map

LOAD ./system/src/stm32f2xx/stm32f2xx_hal.o
LOAD ./system/src/stm32f2xx/stm32f2xx_hal_adc.o
LOAD ./system/src/stm32f2xx/stm32f2xx_hal_adc_ex.o
LOAD ./system/src/stm32f2xx/stm32f2xx_hal_can.o
LOAD ./system/src/stm32f2xx/stm32f2xx_hal_cortex.o
LOAD ./system/src/stm32f2xx/stm32f2xx_hal_crc.o
LOAD ./system/src/stm32f2xx/stm32f2xx_hal_cryp.o
LOAD ./system/src/stm32f2xx/stm32f2xx_hal_dac.o
LOAD ./system/src/stm32f2xx/stm32f2xx_hal_dac_ex.o
LOAD ./system/src/stm32f2xx/stm32f2xx_hal_dcmi.o
LOAD ./system/src/stm32f2xx/stm32f2xx_hal_dma.o
LOAD ./system/src/stm32f2xx/stm32f2xx_hal_dma_ex.o
LOAD ./system/src/stm32f2xx/stm32f2xx_hal_eth.o
LOAD ./system/src/stm32f2xx/stm32f2xx_hal_flash.o
LOAD ./system/src/stm32f2xx/stm32f2xx_hal_flash_ex.o
LOAD ./system/src/stm32f2xx/stm32f2xx_hal_gpio.o
LOAD ./system/src/stm32f2xx/stm32f2xx_hal_hash.o
LOAD ./system/src/stm32f2xx/stm32f2xx_hal_hcd.o
LOAD ./system/src/stm32f2xx/stm32f2xx_hal_i2c.o
LOAD ./system/src/stm32f2xx/stm32f2xx_hal_i2s.o
LOAD ./system/src/stm32f2xx/stm32f2xx_hal_irda.o
LOAD ./system/src/stm32f2xx/stm32f2xx_hal_iwdg.o
LOAD ./system/src/stm32f2xx/stm32f2xx_hal_nand.o
LOAD ./system/src/stm32f2xx/stm32f2xx_hal_nor.o
LOAD ./system/src/stm32f2xx/stm32f2xx_hal_pccard.o
LOAD ./system/src/stm32f2xx/stm32f2xx_hal_pcd.o
LOAD ./system/src/stm32f2xx/stm32f2xx_hal_pcd_ex.o
LOAD ./system/src/stm32f2xx/stm32f2xx_hal_pwr.o
LOAD ./system/src/stm32f2xx/stm32f2xx_hal_pwr_ex.o
LOAD ./system/src/stm32f2xx/stm32f2xx_hal_rcc.o
LOAD ./system/src/stm32f2xx/stm32f2xx_hal_rcc_ex.o
LOAD ./system/src/stm32f2xx/stm32f2xx_hal_rng.o
LOAD ./system/src/stm32f2xx/stm32f2xx_hal_rtc.o
LOAD ./system/src/stm32f2xx/stm32f2xx_hal_rtc_ex.o
LOAD ./system/src/stm32f2xx/stm32f2xx_hal_sd.o
LOAD ./system/src/stm32f2xx/stm32f2xx_hal_smartcard.o
LOAD ./system/src/stm32f2xx/stm32f2xx_hal_spi.o
LOAD ./system/src/stm32f2xx/stm32f2xx_hal_sram.o
LOAD ./system/src/stm32f2xx/stm32f2xx_hal_tim.o
LOAD ./system/src/stm32f2xx/stm32f2xx_hal_tim_ex.o
LOAD ./system/src/stm32f2xx/stm32f2xx_hal_uart.o
LOAD ./system/src/stm32f2xx/stm32f2xx_hal_usart.o
LOAD ./system/src/stm32f2xx/stm32f2xx_hal_wwdg.o
LOAD ./system/src/stm32f2xx/stm32f2xx_ll_fsmc.o
LOAD ./system/src/stm32f2xx/stm32f2xx_ll_sdmmc.o
LOAD ./system/src/stm32f2xx/stm32f2xx_ll_usb.o
LOAD ./system/src/newlib/_cxx.o
LOAD ./system/src/newlib/_exit.o
LOAD ./system/src/newlib/_sbrk.o
LOAD ./system/src/newlib/_startup.o
LOAD ./system/src/newlib/_syscalls.o
LOAD ./system/src/newlib/assert.o
LOAD ./system/src/diag/Trace.o
LOAD ./system/src/diag/trace_impl.o
LOAD ./system/src/cortexm/_initialize_hardware.o
LOAD ./system/src/cortexm/_reset_hardware.o
LOAD ./system/src/cortexm/exception_handlers.o
LOAD ./system/src/cmsis/startup_stm32f205xx.o
LOAD ./system/src/cmsis/system_stm32f2xx.o
LOAD ./src/delay.o
LOAD ./src/gcode.o
LOAD ./src/gpio.o
LOAD ./src/i2c.o
LOAD ./src/main.o
LOAD ./src/planner.o
LOAD ./src/stepper.o
LOAD ./src/stm32f2xx_hal_msp.o
LOAD ./src/stm32f2xx_it.o
LOAD ./src/timers.o
LOAD ./src/usb.o
LOAD ./src/usbd_cdc_if.o
LOAD ./src/usbd_conf.o
LOAD ./src/usbd_desc.o
LOAD ./Middlewares/ST/STM32_USB_Device_Library/Core/Src/usbd_core.o
LOAD ./Middlewares/ST/STM32_USB_Device_Library/Core/Src/usbd_ctlreq.o
LOAD ./Middlewares/ST/STM32_USB_Device_Library/Core/Src/usbd_ioreq.o
LOAD ./Middlewares/ST/STM32_USB_Device_Library/Class/CDC/Src/usbd_cdc.o
LOAD ./Middlewares/ST/STM32_USB_Device_Library/Class/CDC/Src/usbd_cdc_if_template.o
LOAD c:/arm/toolchain/bin/../lib/gcc/arm-none-eabi/5.2.1/../../../../arm-none-eabi/lib/armv7-m\libstdc++_nano.a
LOAD c:/arm/toolchain/bin/../lib/gcc/arm-none-eabi/5.2.1/../../../../arm-none-eabi/lib/armv7-m\libm.a
START GROUP
LOAD c:/arm/toolchain/bin/../lib/gcc/arm-none-eabi/5.2.1/armv7-m\libgcc.a
LOAD c:/arm/toolchain/bin/../lib/gcc/arm-none-eabi/5.2.1/../../../../arm-none-eabi/lib/armv7-m\libg_nano.a
LOAD c:/arm/toolchain/bin/../lib/gcc/arm-none-eabi/5.2.1/../../../../arm-none-eabi/lib/armv7-m\libc_nano.a
END GROUP
START GROUP
LOAD c:/arm/toolchain/bin/../lib/gcc/arm-none-eabi/5.2.1/armv7-m\libgcc.a
LOAD c:/arm/toolchain/bin/../lib/gcc/arm-none-eabi/5.2.1/../../../../arm-none-eabi/lib/armv7-m\libc_nano.a
END GROUP
                0x20010000                __stack = (ORIGIN (RAM) + LENGTH (RAM))
                0x20010000                _estack = __stack
                0x00000400                __Main_Stack_Size = 0x400
                [!provide]                PROVIDE (_Main_Stack_Size, __Main_Stack_Size)
                0x2000fc00                __Main_Stack_Limit = (__stack - __Main_Stack_Size)
                [!provide]                PROVIDE (_Main_Stack_Limit, __Main_Stack_Limit)
                0x00000100                _Minimum_Stack_Size = 0x100
                0x20002750                PROVIDE (_Heap_Begin, _end_noinit)
                0x2000fc00                PROVIDE (_Heap_Limit, (__stack - __Main_Stack_Size))

.isr_vector     0x08000000      0x480
 FILL mask 0xff
                0x08000000                __vectors_start = ABSOLUTE (.)
                0x08000000                __vectors_start__ = ABSOLUTE (.)
 *(.isr_vector)
 .isr_vector    0x08000000      0x184 ./system/src/cmsis/startup_stm32f205xx.o
                0x08000000                g_pfnVectors
 *(.cfmconfig)
 *(.after_vectors .after_vectors.*)
 .after_vectors
                0x08000184      0x178 ./system/src/newlib/_startup.o
                0x08000184                _start
 .after_vectors
                0x080002fc      0x184 ./system/src/cortexm/exception_handlers.o
                0x080002fc                Reset_Handler
                0x08000304                NMI_Handler
                0x0800030c                HardFault_Handler
                0x08000324                HardFault_Handler_C
                0x08000398                MemManage_Handler
                0x080003a0                BusFault_Handler
                0x080003b8                BusFault_Handler_C
                0x080003f8                UsageFault_Handler
                0x08000410                UsageFault_Handler_C
                0x08000450                SVC_Handler
                0x08000458                DebugMon_Handler
                0x08000460                PendSV_Handler

.inits          0x08000480       0x28
                0x08000480                __data_regions_array_start = .
                0x08000480        0x4 LONG 0x800cdc4 LOADADDR (.data)
                0x08000484        0x4 LONG 0x20000000 ADDR (.data)
                0x08000488        0x4 LONG 0x200001d4 (ADDR (.data) + SIZEOF (.data))
                0x0800048c        0x4 LONG 0x800cdc4 LOADADDR (.data_CCMRAM)
                0x08000490        0x4 LONG 0x10000000 ADDR (.data_CCMRAM)
                0x08000494        0x4 LONG 0x10000000 (ADDR (.data_CCMRAM) + SIZEOF (.data_CCMRAM))
                0x08000498                __data_regions_array_end = .
                0x08000498                __bss_regions_array_start = .
                0x08000498        0x4 LONG 0x200001d8 ADDR (.bss)
                0x0800049c        0x4 LONG 0x20002750 (ADDR (.bss) + SIZEOF (.bss))
                0x080004a0        0x4 LONG 0x10000000 ADDR (.bss_CCMRAM)
                0x080004a4        0x4 LONG 0x10000000 (ADDR (.bss_CCMRAM) + SIZEOF (.bss_CCMRAM))
                0x080004a8                __bss_regions_array_end = .
 *(.init)
 *(.fini)
                0x080004a8                . = ALIGN (0x4)
                0x080004a8                PROVIDE (__preinit_array_start, .)
 *(.preinit_array_sysinit .preinit_array_sysinit.*)
 *(.preinit_array_platform .preinit_array_platform.*)
 *(.preinit_array .preinit_array.*)
                0x080004a8                PROVIDE (__preinit_array_end, .)
                0x080004a8                . = ALIGN (0x4)
                0x080004a8                PROVIDE (__init_array_start, .)
 *(SORT(.init_array.*))
 *(.init_array)
                0x080004a8                PROVIDE (__init_array_end, .)
                0x080004a8                . = ALIGN (0x4)
                0x080004a8                PROVIDE (__fini_array_start, .)
 *(SORT(.fini_array.*))
 *(.fini_array)
                0x080004a8                PROVIDE (__fini_array_end, .)

.flashtext
 *(.flashtext .flashtext.*)

.text           0x080004a8     0xc919
 *(.text .text.*)
 .text.HAL_Init
                0x080004a8       0x44 ./system/src/stm32f2xx/stm32f2xx_hal.o
                0x080004a8                HAL_Init
 .text.HAL_InitTick
                0x080004ec       0x38 ./system/src/stm32f2xx/stm32f2xx_hal.o
                0x080004ec                HAL_InitTick
 .text.HAL_IncTick
                0x08000524       0x1c ./system/src/stm32f2xx/stm32f2xx_hal.o
                0x08000524                HAL_IncTick
 .text.HAL_GetTick
                0x08000540       0x14 ./system/src/stm32f2xx/stm32f2xx_hal.o
                0x08000540                HAL_GetTick
 .text.HAL_Delay
                0x08000554       0x2c ./system/src/stm32f2xx/stm32f2xx_hal.o
                0x08000554                HAL_Delay
 .text.NVIC_SetPriorityGrouping
                0x08000580       0x48 ./system/src/stm32f2xx/stm32f2xx_hal_cortex.o
 .text.NVIC_GetPriorityGrouping
                0x080005c8       0x1c ./system/src/stm32f2xx/stm32f2xx_hal_cortex.o
 .text.NVIC_EnableIRQ
                0x080005e4       0x30 ./system/src/stm32f2xx/stm32f2xx_hal_cortex.o
 .text.NVIC_SetPriority
                0x08000614       0x54 ./system/src/stm32f2xx/stm32f2xx_hal_cortex.o
 .text.NVIC_EncodePriority
                0x08000668       0x60 ./system/src/stm32f2xx/stm32f2xx_hal_cortex.o
 .text.SysTick_Config
                0x080006c8       0x44 ./system/src/stm32f2xx/stm32f2xx_hal_cortex.o
 .text.HAL_NVIC_SetPriorityGrouping
                0x0800070c       0x18 ./system/src/stm32f2xx/stm32f2xx_hal_cortex.o
                0x0800070c                HAL_NVIC_SetPriorityGrouping
 .text.HAL_NVIC_SetPriority
                0x08000724       0x38 ./system/src/stm32f2xx/stm32f2xx_hal_cortex.o
                0x08000724                HAL_NVIC_SetPriority
 .text.HAL_NVIC_EnableIRQ
                0x0800075c       0x1c ./system/src/stm32f2xx/stm32f2xx_hal_cortex.o
                0x0800075c                HAL_NVIC_EnableIRQ
 .text.HAL_SYSTICK_Config
                0x08000778       0x18 ./system/src/stm32f2xx/stm32f2xx_hal_cortex.o
                0x08000778                HAL_SYSTICK_Config
 .text.HAL_SYSTICK_CLKSourceConfig
                0x08000790       0x38 ./system/src/stm32f2xx/stm32f2xx_hal_cortex.o
                0x08000790                HAL_SYSTICK_CLKSourceConfig
 .text.HAL_GPIO_Init
                0x080007c8      0x344 ./system/src/stm32f2xx/stm32f2xx_hal_gpio.o
                0x080007c8                HAL_GPIO_Init
 .text.HAL_GPIO_ReadPin
                0x08000b0c       0x30 ./system/src/stm32f2xx/stm32f2xx_hal_gpio.o
                0x08000b0c                HAL_GPIO_ReadPin
 .text.HAL_GPIO_WritePin
                0x08000b3c       0x30 ./system/src/stm32f2xx/stm32f2xx_hal_gpio.o
                0x08000b3c                HAL_GPIO_WritePin
 .text.HAL_I2C_Init
                0x08000b6c      0x1b4 ./system/src/stm32f2xx/stm32f2xx_hal_i2c.o
                0x08000b6c                HAL_I2C_Init
 .text.HAL_I2C_Master_Transmit
                0x08000d20      0x16c ./system/src/stm32f2xx/stm32f2xx_hal_i2c.o
                0x08000d20                HAL_I2C_Master_Transmit
 .text.I2C_MasterRequestWrite
                0x08000e8c       0xc8 ./system/src/stm32f2xx/stm32f2xx_hal_i2c.o
 .text.I2C_WaitOnFlagUntilTimeout
                0x08000f54      0x114 ./system/src/stm32f2xx/stm32f2xx_hal_i2c.o
 .text.I2C_WaitOnMasterAddressFlagUntilTimeout
                0x08001068       0xd8 ./system/src/stm32f2xx/stm32f2xx_hal_i2c.o
 .text.HAL_PCD_Init
                0x08001140      0x208 ./system/src/stm32f2xx/stm32f2xx_hal_pcd.o
                0x08001140                HAL_PCD_Init
 .text.HAL_PCD_Start
                0x08001348       0x44 ./system/src/stm32f2xx/stm32f2xx_hal_pcd.o
                0x08001348                HAL_PCD_Start
 .text.HAL_PCD_IRQHandler
                0x0800138c      0x75c ./system/src/stm32f2xx/stm32f2xx_hal_pcd.o
                0x0800138c                HAL_PCD_IRQHandler
 .text.HAL_PCD_SetAddress
                0x08001ae8       0x44 ./system/src/stm32f2xx/stm32f2xx_hal_pcd.o
                0x08001ae8                HAL_PCD_SetAddress
 .text.HAL_PCD_EP_Open
                0x08001b2c       0xd0 ./system/src/stm32f2xx/stm32f2xx_hal_pcd.o
                0x08001b2c                HAL_PCD_EP_Open
 .text.HAL_PCD_EP_Close
                0x08001bfc       0x94 ./system/src/stm32f2xx/stm32f2xx_hal_pcd.o
                0x08001bfc                HAL_PCD_EP_Close
 .text.HAL_PCD_EP_Receive
                0x08001c90       0xb4 ./system/src/stm32f2xx/stm32f2xx_hal_pcd.o
                0x08001c90                HAL_PCD_EP_Receive
 .text.HAL_PCD_EP_GetRxCount
                0x08001d44       0x30 ./system/src/stm32f2xx/stm32f2xx_hal_pcd.o
                0x08001d44                HAL_PCD_EP_GetRxCount
 .text.HAL_PCD_EP_Transmit
                0x08001d74       0xb0 ./system/src/stm32f2xx/stm32f2xx_hal_pcd.o
                0x08001d74                HAL_PCD_EP_Transmit
 .text.HAL_PCD_EP_SetStall
                0x08001e24       0xb4 ./system/src/stm32f2xx/stm32f2xx_hal_pcd.o
                0x08001e24                HAL_PCD_EP_SetStall
 .text.HAL_PCD_EP_ClrStall
                0x08001ed8       0x94 ./system/src/stm32f2xx/stm32f2xx_hal_pcd.o
                0x08001ed8                HAL_PCD_EP_ClrStall
 .text.PCD_WriteEmptyTxFifo
                0x08001f6c      0x110 ./system/src/stm32f2xx/stm32f2xx_hal_pcd.o
 .text.HAL_PCDEx_SetTxFiFo
                0x0800207c       0x94 ./system/src/stm32f2xx/stm32f2xx_hal_pcd_ex.o
                0x0800207c                HAL_PCDEx_SetTxFiFo
 .text.HAL_PCDEx_SetRxFiFo
                0x08002110       0x20 ./system/src/stm32f2xx/stm32f2xx_hal_pcd_ex.o
                0x08002110                HAL_PCDEx_SetRxFiFo
 .text.HAL_RCC_OscConfig
                0x08002130      0x488 ./system/src/stm32f2xx/stm32f2xx_hal_rcc.o
                0x08002130                HAL_RCC_OscConfig
 .text.HAL_RCC_ClockConfig
                0x080025b8      0x2ac ./system/src/stm32f2xx/stm32f2xx_hal_rcc.o
                0x080025b8                HAL_RCC_ClockConfig
 .text.HAL_RCC_GetSysClockFreq
                0x08002864       0xfc ./system/src/stm32f2xx/stm32f2xx_hal_rcc.o
                0x08002864                HAL_RCC_GetSysClockFreq
 .text.HAL_RCC_GetHCLKFreq
                0x08002960       0x50 ./system/src/stm32f2xx/stm32f2xx_hal_rcc.o
                0x08002960                HAL_RCC_GetHCLKFreq
 .text.HAL_RCC_GetPCLK1Freq
                0x080029b0       0x44 ./system/src/stm32f2xx/stm32f2xx_hal_rcc.o
                0x080029b0                HAL_RCC_GetPCLK1Freq
 .text.USB_CoreInit
                0x080029f4       0xa4 ./system/src/stm32f2xx/stm32f2xx_ll_usb.o
                0x080029f4                USB_CoreInit
 .text.USB_EnableGlobalInt
                0x08002a98       0x20 ./system/src/stm32f2xx/stm32f2xx_ll_usb.o
                0x08002a98                USB_EnableGlobalInt
 .text.USB_DisableGlobalInt
                0x08002ab8       0x20 ./system/src/stm32f2xx/stm32f2xx_ll_usb.o
                0x08002ab8                USB_DisableGlobalInt
 .text.USB_SetCurrentMode
                0x08002ad8       0x50 ./system/src/stm32f2xx/stm32f2xx_ll_usb.o
                0x08002ad8                USB_SetCurrentMode
 .text.USB_DevInit
                0x08002b28      0x258 ./system/src/stm32f2xx/stm32f2xx_ll_usb.o
                0x08002b28                USB_DevInit
 .text.USB_FlushTxFifo
                0x08002d80       0x48 ./system/src/stm32f2xx/stm32f2xx_ll_usb.o
                0x08002d80                USB_FlushTxFifo
 .text.USB_FlushRxFifo
                0x08002dc8       0x40 ./system/src/stm32f2xx/stm32f2xx_ll_usb.o
                0x08002dc8                USB_FlushRxFifo
 .text.USB_SetDevSpeed
                0x08002e08       0x30 ./system/src/stm32f2xx/stm32f2xx_ll_usb.o
                0x08002e08                USB_SetDevSpeed
 .text.USB_GetDevSpeed
                0x08002e38       0x68 ./system/src/stm32f2xx/stm32f2xx_ll_usb.o
                0x08002e38                USB_GetDevSpeed
 .text.USB_ActivateEndpoint
                0x08002ea0      0x110 ./system/src/stm32f2xx/stm32f2xx_ll_usb.o
                0x08002ea0                USB_ActivateEndpoint
 .text.USB_DeactivateEndpoint
                0x08002fb0       0xf4 ./system/src/stm32f2xx/stm32f2xx_ll_usb.o
                0x08002fb0                USB_DeactivateEndpoint
 .text.USB_EPStartXfer
                0x080030a4      0x484 ./system/src/stm32f2xx/stm32f2xx_ll_usb.o
                0x080030a4                USB_EPStartXfer
 .text.USB_EP0StartXfer
                0x08003528      0x2bc ./system/src/stm32f2xx/stm32f2xx_ll_usb.o
                0x08003528                USB_EP0StartXfer
 .text.USB_WritePacket
                0x080037e4       0x70 ./system/src/stm32f2xx/stm32f2xx_ll_usb.o
                0x080037e4                USB_WritePacket
 .text.USB_ReadPacket
                0x08003854       0x54 ./system/src/stm32f2xx/stm32f2xx_ll_usb.o
                0x08003854                USB_ReadPacket
 .text.USB_EPSetStall
                0x080038a8       0xe0 ./system/src/stm32f2xx/stm32f2xx_ll_usb.o
                0x080038a8                USB_EPSetStall
 .text.USB_EPClearStall
                0x08003988       0xd8 ./system/src/stm32f2xx/stm32f2xx_ll_usb.o
                0x08003988                USB_EPClearStall
 .text.USB_SetDevAddress
                0x08003a60       0x4c ./system/src/stm32f2xx/stm32f2xx_ll_usb.o
                0x08003a60                USB_SetDevAddress
 .text.USB_DevConnect
                0x08003aac       0x30 ./system/src/stm32f2xx/stm32f2xx_ll_usb.o
                0x08003aac                USB_DevConnect
 .text.USB_DevDisconnect
                0x08003adc       0x30 ./system/src/stm32f2xx/stm32f2xx_ll_usb.o
                0x08003adc                USB_DevDisconnect
 .text.USB_ReadInterrupts
                0x08003b0c       0x28 ./system/src/stm32f2xx/stm32f2xx_ll_usb.o
                0x08003b0c                USB_ReadInterrupts
 .text.USB_ReadDevAllOutEpInterrupt
                0x08003b34       0x30 ./system/src/stm32f2xx/stm32f2xx_ll_usb.o
                0x08003b34                USB_ReadDevAllOutEpInterrupt
 .text.USB_ReadDevAllInEpInterrupt
                0x08003b64       0x30 ./system/src/stm32f2xx/stm32f2xx_ll_usb.o
                0x08003b64                USB_ReadDevAllInEpInterrupt
 .text.USB_ReadDevOutEPInterrupt
                0x08003b94       0x38 ./system/src/stm32f2xx/stm32f2xx_ll_usb.o
                0x08003b94                USB_ReadDevOutEPInterrupt
 .text.USB_ReadDevInEPInterrupt
                0x08003bcc       0x54 ./system/src/stm32f2xx/stm32f2xx_ll_usb.o
                0x08003bcc                USB_ReadDevInEPInterrupt
 .text.USB_GetMode
                0x08003c20       0x1c ./system/src/stm32f2xx/stm32f2xx_ll_usb.o
                0x08003c20                USB_GetMode
 .text.USB_ActivateSetup
                0x08003c3c       0x6c ./system/src/stm32f2xx/stm32f2xx_ll_usb.o
                0x08003c3c                USB_ActivateSetup
 .text.USB_EP0_OutStart
                0x08003ca8       0x88 ./system/src/stm32f2xx/stm32f2xx_ll_usb.o
                0x08003ca8                USB_EP0_OutStart
 .text.USB_CoreReset
                0x08003d30       0x64 ./system/src/stm32f2xx/stm32f2xx_ll_usb.o
 .text._exit    0x08003d94        0xc ./system/src/newlib/_exit.o
                0x08003d94                _exit
 .text._sbrk    0x08003da0       0x68 ./system/src/newlib/_sbrk.o
                0x08003da0                _sbrk
 .text.__initialize_args
                0x08003e08       0x24 ./system/src/newlib/_syscalls.o
                0x08003e08                __initialize_args
 .text.trace_printf
                0x08003e2c       0x44 ./system/src/diag/Trace.o
                0x08003e2c                trace_printf
 .text.trace_write
                0x08003e70       0x1c ./system/src/diag/trace_impl.o
                0x08003e70                trace_write
 .text._trace_write_semihosting_debug
                0x08003e8c       0xa4 ./system/src/diag/trace_impl.o
 .text.__initialize_hardware_early
                0x08003f30       0x1c ./system/src/cortexm/_initialize_hardware.o
                0x08003f30                __initialize_hardware_early
 .text.__initialize_hardware
                0x08003f4c        0xc ./system/src/cortexm/_initialize_hardware.o
                0x08003f4c                __initialize_hardware
 .text.dumpExceptionStack
                0x08003f58      0x12c ./system/src/cortexm/exception_handlers.o
                0x08003f58                dumpExceptionStack
 .text.isSemihosting
                0x08004084       0x50 ./system/src/cortexm/exception_handlers.o
                0x08004084                isSemihosting
 .text.Default_Handler
                0x080040d4        0x2 ./system/src/cmsis/startup_stm32f205xx.o
                0x080040d4                RTC_Alarm_IRQHandler
                0x080040d4                HASH_RNG_IRQHandler
                0x080040d4                EXTI2_IRQHandler
                0x080040d4                TIM8_CC_IRQHandler
                0x080040d4                TIM1_CC_IRQHandler
                0x080040d4                DMA2_Stream5_IRQHandler
                0x080040d4                DMA1_Stream5_IRQHandler
                0x080040d4                PVD_IRQHandler
                0x080040d4                SDIO_IRQHandler
                0x080040d4                TAMP_STAMP_IRQHandler
                0x080040d4                CAN2_RX1_IRQHandler
                0x080040d4                EXTI3_IRQHandler
                0x080040d4                TIM8_TRG_COM_TIM14_IRQHandler
                0x080040d4                TIM1_UP_TIM10_IRQHandler
                0x080040d4                TIM8_UP_TIM13_IRQHandler
                0x080040d4                I2C3_ER_IRQHandler
                0x080040d4                EXTI0_IRQHandler
                0x080040d4                I2C2_EV_IRQHandler
                0x080040d4                DMA1_Stream2_IRQHandler
                0x080040d4                CAN1_RX0_IRQHandler
                0x080040d4                OTG_HS_WKUP_IRQHandler
                0x080040d4                CAN2_SCE_IRQHandler
                0x080040d4                DMA2_Stream2_IRQHandler
                0x080040d4                SPI1_IRQHandler
                0x080040d4                TIM6_DAC_IRQHandler
                0x080040d4                TIM1_BRK_TIM9_IRQHandler
                0x080040d4                CAN2_RX0_IRQHandler
                0x080040d4                DMA2_Stream3_IRQHandler
                0x080040d4                USART6_IRQHandler
                0x080040d4                USART3_IRQHandler
                0x080040d4                CAN1_RX1_IRQHandler
                0x080040d4                UART5_IRQHandler
                0x080040d4                DMA2_Stream0_IRQHandler
                0x080040d4                I2C1_EV_IRQHandler
                0x080040d4                DMA1_Stream6_IRQHandler
                0x080040d4                DMA1_Stream1_IRQHandler
                0x080040d4                UART4_IRQHandler
                0x080040d4                TIM3_IRQHandler
                0x080040d4                RCC_IRQHandler
                0x080040d4                TIM8_BRK_TIM12_IRQHandler
                0x080040d4                Default_Handler
                0x080040d4                EXTI15_10_IRQHandler
                0x080040d4                ADC_IRQHandler
                0x080040d4                DMA1_Stream7_IRQHandler
                0x080040d4                TIM7_IRQHandler
                0x080040d4                CAN2_TX_IRQHandler
                0x080040d4                TIM5_IRQHandler
                0x080040d4                DMA2_Stream7_IRQHandler
                0x080040d4                I2C3_EV_IRQHandler
                0x080040d4                EXTI9_5_IRQHandler
                0x080040d4                RTC_WKUP_IRQHandler
                0x080040d4                SPI2_IRQHandler
                0x080040d4                OTG_HS_EP1_IN_IRQHandler
                0x080040d4                DMA1_Stream0_IRQHandler
                0x080040d4                CAN1_TX_IRQHandler
                0x080040d4                EXTI4_IRQHandler
                0x080040d4                FSMC_IRQHandler
                0x080040d4                OTG_HS_EP1_OUT_IRQHandler
                0x080040d4                WWDG_IRQHandler
                0x080040d4                OTG_FS_WKUP_IRQHandler
                0x080040d4                TIM1_TRG_COM_TIM11_IRQHandler
                0x080040d4                OTG_HS_IRQHandler
                0x080040d4                EXTI1_IRQHandler
                0x080040d4                USART2_IRQHandler
                0x080040d4                I2C2_ER_IRQHandler
                0x080040d4                DMA2_Stream1_IRQHandler
                0x080040d4                CAN1_SCE_IRQHandler
                0x080040d4                FLASH_IRQHandler
                0x080040d4                DMA2_Stream4_IRQHandler
                0x080040d4                USART1_IRQHandler
                0x080040d4                SPI3_IRQHandler
                0x080040d4                DMA1_Stream4_IRQHandler
                0x080040d4                I2C1_ER_IRQHandler
                0x080040d4                DMA2_Stream6_IRQHandler
                0x080040d4                DMA1_Stream3_IRQHandler
 *fill*         0x080040d6        0x2 
 .text.SystemInit
                0x080040d8       0x5c ./system/src/cmsis/system_stm32f2xx.o
                0x080040d8                SystemInit
 .text.SystemCoreClockUpdate
                0x08004134       0xf8 ./system/src/cmsis/system_stm32f2xx.o
                0x08004134                SystemCoreClockUpdate
 .text.get_current_usecs
                0x0800422c       0x34 ./src/delay.o
 .text._delay_ms
                0x08004260       0x18 ./src/delay.o
                0x08004260                _delay_ms
 .text._delay_us
                0x08004278       0x40 ./src/delay.o
                0x08004278                _delay_us
 .text.limit_input
                0x080042b8       0x40 ./src/gcode.o
 .text.door_input
                0x080042f8       0x24 ./src/gcode.o
 .text.gcode_init
                0x0800431c       0xd8 ./src/gcode.o
                0x0800431c                gcode_init
 *fill*         0x080043f4        0x4 
 .text.check_ppi_feedrate
                0x080043f8       0xac ./src/gcode.o
 .text.gcode_process_line
                0x080044a4       0x6c ./src/gcode.o
                0x080044a4                gcode_process_line
 .text.gcode_status_line
                0x08004510      0x324 ./src/gcode.o
                0x08004510                gcode_status_line
 *fill*         0x08004834        0x4 
 .text.gcode_execute_line
                0x08004838     0x1034 ./src/gcode.o
                0x08004838                gcode_execute_line
 .text.gcode_request_position_update
                0x0800586c       0x18 ./src/gcode.o
                0x0800586c                gcode_request_position_update
 .text.next_statement
                0x08005884       0x84 ./src/gcode.o
 .text.read_double
                0x08005908      0x1e4 ./src/gcode.o
 .text.gpio_init
                0x08005aec       0xc4 ./src/gpio.o
                0x08005aec                gpio_init
 .text.i2c_init
                0x08005bb0       0x54 ./src/i2c.o
                0x08005bb0                i2c_init
 *fill*         0x08005c04        0x4 
 .text.SetCurrent
                0x08005c08      0x108 ./src/i2c.o
                0x08005c08                SetCurrent
 .text.driver_current_enable
                0x08005d10       0x24 ./src/i2c.o
                0x08005d10                driver_current_enable
 .text.SystemClock_Config
                0x08005d34       0x7c ./src/main.o
                0x08005d34                SystemClock_Config
 .text.main     0x08005db0       0x34 ./src/main.o
                0x08005db0                main
 .text.planner_init
                0x08005de4       0x7c ./src/planner.o
                0x08005de4                planner_init
 .text.planner_movement
                0x08005e60      0x6e0 ./src/planner.o
 .text.planner_raster
                0x08006540      0x9bc ./src/planner.o
                0x08006540                planner_raster
 .text.planner_line
                0x08006efc       0x40 ./src/planner.o
                0x08006efc                planner_line
 .text.planner_dwell
                0x08006f3c       0x18 ./src/planner.o
                0x08006f3c                planner_dwell
 .text.planner_command
                0x08006f54       0x6c ./src/planner.o
                0x08006f54                planner_command
 .text.planner_get_current_block
                0x08006fc0       0x40 ./src/planner.o
                0x08006fc0                planner_get_current_block
 .text.planner_discard_current_block
                0x08007000       0x38 ./src/planner.o
                0x08007000                planner_discard_current_block
 .text.planner_reset_block_buffer
                0x08007038       0x20 ./src/planner.o
                0x08007038                planner_reset_block_buffer
 .text.planner_set_position
                0x08007058       0xac ./src/planner.o
                0x08007058                planner_set_position
 .text.planner_request_position_update
                0x08007104       0x18 ./src/planner.o
                0x08007104                planner_request_position_update
 .text.next_block_index
                0x0800711c       0x30 ./src/planner.o
 .text.prev_block_index
                0x0800714c       0x30 ./src/planner.o
 .text.estimate_acceleration_distance
                0x0800717c       0x68 ./src/planner.o
 .text.intersection_distance
                0x080071e4       0xa0 ./src/planner.o
 .text.max_allowable_speed
                0x08007284       0x64 ./src/planner.o
 .text.calculate_trapezoid_for_block
                0x080072e8      0x1d4 ./src/planner.o
 *fill*         0x080074bc        0x4 
 .text.reduce_entry_speed_reverse
                0x080074c0       0xd8 ./src/planner.o
 .text.reduce_entry_speed_forward
                0x08007598       0xe8 ./src/planner.o
 .text.planner_recalculate
                0x08007680      0x1f4 ./src/planner.o
 .text.step_wr  0x08007874       0x30 ./src/stepper.o
 .text.dirn_wr  0x080078a4       0x30 ./src/stepper.o
 .text.stepper_motor_enable
                0x080078d4       0x20 ./src/stepper.o
 .text.limit_input
                0x080078f4       0x40 ./src/stepper.o
 .text.control_air_assist
                0x08007934       0x14 ./src/stepper.o
 .text.control_aux1_assist
                0x08007948       0x14 ./src/stepper.o
 .text.stepper_init
                0x0800795c       0x94 ./src/stepper.o
                0x0800795c                stepper_init
 .text.stepper_synchronize
                0x080079f0       0x18 ./src/stepper.o
                0x080079f0                stepper_synchronize
 .text.stepper_wake_up
                0x08007a08       0x44 ./src/stepper.o
                0x08007a08                stepper_wake_up
 .text.stepper_go_idle
                0x08007a4c       0x28 ./src/stepper.o
                0x08007a4c                stepper_go_idle
 .text.stepper_request_stop
                0x08007a74       0x28 ./src/stepper.o
                0x08007a74                stepper_request_stop
 .text.stepper_stop_status
                0x08007a9c       0x18 ./src/stepper.o
                0x08007a9c                stepper_stop_status
 .text.stepper_stop_requested
                0x08007ab4       0x18 ./src/stepper.o
                0x08007ab4                stepper_stop_requested
 .text.stepper_stop_resume
                0x08007acc       0x18 ./src/stepper.o
                0x08007acc                stepper_stop_resume
 *fill*         0x08007ae4        0x4 
 .text.stepper_get_position_x
                0x08007ae8       0x34 ./src/stepper.o
                0x08007ae8                stepper_get_position_x
 *fill*         0x08007b1c        0x4 
 .text.stepper_get_position_y
                0x08007b20       0x34 ./src/stepper.o
                0x08007b20                stepper_get_position_y
 *fill*         0x08007b54        0x4 
 .text.stepper_get_position_z
                0x08007b58       0x34 ./src/stepper.o
                0x08007b58                stepper_get_position_z
 *fill*         0x08007b8c        0x4 
 .text.stepper_set_position
                0x08007b90       0xf0 ./src/stepper.o
                0x08007b90                stepper_set_position
 .text.step_pulse_isr
                0x08007c80       0x10 ./src/stepper.o
                0x08007c80                step_pulse_isr
 .text.step_delay_isr
                0x08007c90       0x18 ./src/stepper.o
                0x08007c90                step_delay_isr
 .text.step_period_isr
                0x08007ca8      0x444 ./src/stepper.o
                0x08007ca8                step_period_isr
 .text.acceleration_tick
                0x080080ec       0x44 ./src/stepper.o
 .text.adjust_speed
                0x08008130       0xa8 ./src/stepper.o
 .text.homing_cycle
                0x080081d8      0x108 ./src/stepper.o
 .text.approach_limit_switch
                0x080082e0       0x2c ./src/stepper.o
 .text.leave_limit_switch
                0x0800830c       0x2c ./src/stepper.o
 .text.stepper_homing_cycle
                0x08008338       0x20 ./src/stepper.o
                0x08008338                stepper_homing_cycle
 .text.stepper_limit_x_on_cycle
                0x08008358       0x24 ./src/stepper.o
                0x08008358                stepper_limit_x_on_cycle
 .text.stepper_limit_x_off_cycle
                0x0800837c       0x24 ./src/stepper.o
                0x0800837c                stepper_limit_x_off_cycle
 .text.stepper_limit_y_on_cycle
                0x080083a0       0x24 ./src/stepper.o
                0x080083a0                stepper_limit_y_on_cycle
 .text.stepper_limit_y_off_cycle
                0x080083c4       0x24 ./src/stepper.o
                0x080083c4                stepper_limit_y_off_cycle
 .text.HAL_MspInit
                0x080083e8       0x1c ./src/stm32f2xx_hal_msp.o
                0x080083e8                HAL_MspInit
 .text.HAL_I2C_MspInit
                0x08008404       0x80 ./src/stm32f2xx_hal_msp.o
                0x08008404                HAL_I2C_MspInit
 .text.SysTick_Handler
                0x08008484        0xc ./src/stm32f2xx_it.o
                0x08008484                SysTick_Handler
 .text.OTG_FS_IRQHandler
                0x08008490       0x14 ./src/stm32f2xx_it.o
                0x08008490                OTG_FS_IRQHandler
 .text.NVIC_EnableIRQ
                0x080084a4       0x30 ./src/timers.o
 .text.enable_tim_clock
                0x080084d4       0x60 ./src/timers.o
 .text.enable_tim_interrupt
                0x08008534       0x64 ./src/timers.o
 .text.step_timer_init
                0x08008598       0xa0 ./src/timers.o
 .text.step_isr_enable
                0x08008638       0x54 ./src/timers.o
                0x08008638                step_isr_enable
 .text.step_isr_disable
                0x0800868c       0x30 ./src/timers.o
                0x0800868c                step_isr_disable
 .text.set_step_period
                0x080086bc       0x50 ./src/timers.o
                0x080086bc                set_step_period
 .text.set_step_pulse_delay
                0x0800870c       0x20 ./src/timers.o
                0x0800870c                set_step_pulse_delay
 .text.set_step_pulse_time
                0x0800872c       0x20 ./src/timers.o
                0x0800872c                set_step_pulse_time
 .text.TIM2_IRQHandler
                0x0800874c       0x8c ./src/timers.o
                0x0800874c                TIM2_IRQHandler
 .text.laser_timer_init
                0x080087d8       0xb4 ./src/timers.o
 .text.control_laser_intensity
                0x0800888c       0x24 ./src/timers.o
                0x0800888c                control_laser_intensity
 .text.control_laser_pwm
                0x080088b0       0x70 ./src/timers.o
                0x080088b0                control_laser_pwm
 .text.cdc_timer_init
                0x08008920       0xb4 ./src/timers.o
 .text.cdc_timer_start
                0x080089d4       0x3c ./src/timers.o
                0x080089d4                cdc_timer_start
 .text.cdc_timer_stop
                0x08008a10       0x30 ./src/timers.o
                0x08008a10                cdc_timer_stop
 .text.TIM4_IRQHandler
                0x08008a40       0x40 ./src/timers.o
                0x08008a40                TIM4_IRQHandler
 .text.timers_init
                0x08008a80       0x14 ./src/timers.o
                0x08008a80                timers_init
 .text.usb_init
                0x08008a94       0x44 ./src/usb.o
                0x08008a94                usb_init
 .text.CDC_Init_FS
                0x08008ad8       0x88 ./src/usbd_cdc_if.o
 .text.CDC_DeInit_FS
                0x08008b60       0x10 ./src/usbd_cdc_if.o
 .text.CDC_Control_FS
                0x08008b70      0x170 ./src/usbd_cdc_if.o
 .text.serial_read
                0x08008ce0       0x8c ./src/usbd_cdc_if.o
                0x08008ce0                serial_read
 .text.serial_rx_hook
                0x08008d6c       0x64 ./src/usbd_cdc_if.o
                0x08008d6c                serial_rx_hook
 .text.CDC_Receive_FS
                0x08008dd0       0xb8 ./src/usbd_cdc_if.o
 .text.serial_write
                0x08008e88       0x58 ./src/usbd_cdc_if.o
                0x08008e88                serial_write
 .text.cdc_timer_isr
                0x08008ee0       0xe4 ./src/usbd_cdc_if.o
                0x08008ee0                cdc_timer_isr
 .text.printString
                0x08008fc4       0x2c ./src/usbd_cdc_if.o
                0x08008fc4                printString
 .text.printPgmString
                0x08008ff0       0x2c ./src/usbd_cdc_if.o
                0x08008ff0                printPgmString
 .text.print_uint32_base10
                0x0800901c       0x84 ./src/usbd_cdc_if.o
 .text.printInteger
                0x080090a0       0x2c ./src/usbd_cdc_if.o
                0x080090a0                printInteger
 .text.printFloat
                0x080090cc      0x130 ./src/usbd_cdc_if.o
                0x080090cc                printFloat
 .text.printFirstConnectedMsg
                0x080091fc       0x50 ./src/usbd_cdc_if.o
                0x080091fc                printFirstConnectedMsg
 .text.HAL_PCD_MspInit
                0x0800924c       0x98 ./src/usbd_conf.o
                0x0800924c                HAL_PCD_MspInit
 .text.HAL_PCD_SetupStageCallback
                0x080092e4       0x24 ./src/usbd_conf.o
                0x080092e4                HAL_PCD_SetupStageCallback
 .text.HAL_PCD_DataOutStageCallback
                0x08009308       0x38 ./src/usbd_conf.o
                0x08009308                HAL_PCD_DataOutStageCallback
 .text.HAL_PCD_DataInStageCallback
                0x08009340       0x34 ./src/usbd_conf.o
                0x08009340                HAL_PCD_DataInStageCallback
 .text.HAL_PCD_SOFCallback
                0x08009374       0x1c ./src/usbd_conf.o
                0x08009374                HAL_PCD_SOFCallback
 .text.HAL_PCD_ResetCallback
                0x08009390       0x50 ./src/usbd_conf.o
                0x08009390                HAL_PCD_ResetCallback
 .text.HAL_PCD_SuspendCallback
                0x080093e0       0x50 ./src/usbd_conf.o
                0x080093e0                HAL_PCD_SuspendCallback
 .text.HAL_PCD_ResumeCallback
                0x08009430       0x1c ./src/usbd_conf.o
                0x08009430                HAL_PCD_ResumeCallback
 .text.HAL_PCD_ISOOUTIncompleteCallback
                0x0800944c       0x24 ./src/usbd_conf.o
                0x0800944c                HAL_PCD_ISOOUTIncompleteCallback
 .text.HAL_PCD_ISOINIncompleteCallback
                0x08009470       0x24 ./src/usbd_conf.o
                0x08009470                HAL_PCD_ISOINIncompleteCallback
 .text.HAL_PCD_ConnectCallback
                0x08009494       0x1c ./src/usbd_conf.o
                0x08009494                HAL_PCD_ConnectCallback
 .text.HAL_PCD_DisconnectCallback
                0x080094b0       0x1c ./src/usbd_conf.o
                0x080094b0                HAL_PCD_DisconnectCallback
 .text.USBD_LL_Init
                0x080094cc       0x90 ./src/usbd_conf.o
                0x080094cc                USBD_LL_Init
 .text.USBD_LL_Start
                0x0800955c       0x20 ./src/usbd_conf.o
                0x0800955c                USBD_LL_Start
 .text.USBD_LL_OpenEP
                0x0800957c       0x34 ./src/usbd_conf.o
                0x0800957c                USBD_LL_OpenEP
 .text.USBD_LL_CloseEP
                0x080095b0       0x28 ./src/usbd_conf.o
                0x080095b0                USBD_LL_CloseEP
 .text.USBD_LL_StallEP
                0x080095d8       0x28 ./src/usbd_conf.o
                0x080095d8                USBD_LL_StallEP
 .text.USBD_LL_ClearStallEP
                0x08009600       0x28 ./src/usbd_conf.o
                0x08009600                USBD_LL_ClearStallEP
 .text.USBD_LL_IsStallEP
                0x08009628       0x58 ./src/usbd_conf.o
                0x08009628                USBD_LL_IsStallEP
 .text.USBD_LL_SetUSBAddress
                0x08009680       0x28 ./src/usbd_conf.o
                0x08009680                USBD_LL_SetUSBAddress
 .text.USBD_LL_Transmit
                0x080096a8       0x30 ./src/usbd_conf.o
                0x080096a8                USBD_LL_Transmit
 .text.USBD_LL_PrepareReceive
                0x080096d8       0x30 ./src/usbd_conf.o
                0x080096d8                USBD_LL_PrepareReceive
 .text.USBD_LL_GetRxDataSize
                0x08009708       0x28 ./src/usbd_conf.o
                0x08009708                USBD_LL_GetRxDataSize
 .text.USBD_FS_DeviceDescriptor
                0x08009730       0x24 ./src/usbd_desc.o
                0x08009730                USBD_FS_DeviceDescriptor
 .text.USBD_FS_LangIDStrDescriptor
                0x08009754       0x24 ./src/usbd_desc.o
                0x08009754                USBD_FS_LangIDStrDescriptor
 .text.USBD_FS_ProductStrDescriptor
                0x08009778       0x3c ./src/usbd_desc.o
                0x08009778                USBD_FS_ProductStrDescriptor
 .text.USBD_FS_ManufacturerStrDescriptor
                0x080097b4       0x28 ./src/usbd_desc.o
                0x080097b4                USBD_FS_ManufacturerStrDescriptor
 .text.USBD_FS_SerialStrDescriptor
                0x080097dc       0x3c ./src/usbd_desc.o
                0x080097dc                USBD_FS_SerialStrDescriptor
 .text.USBD_FS_ConfigStrDescriptor
                0x08009818       0x3c ./src/usbd_desc.o
                0x08009818                USBD_FS_ConfigStrDescriptor
 .text.USBD_FS_InterfaceStrDescriptor
                0x08009854       0x3c ./src/usbd_desc.o
                0x08009854                USBD_FS_InterfaceStrDescriptor
 .text.USBD_Init
                0x08009890       0x58 ./Middlewares/ST/STM32_USB_Device_Library/Core/Src/usbd_core.o
                0x08009890                USBD_Init
 .text.USBD_RegisterClass
                0x080098e8       0x34 ./Middlewares/ST/STM32_USB_Device_Library/Core/Src/usbd_core.o
                0x080098e8                USBD_RegisterClass
 .text.USBD_Start
                0x0800991c       0x18 ./Middlewares/ST/STM32_USB_Device_Library/Core/Src/usbd_core.o
                0x0800991c                USBD_Start
 .text.USBD_RunTestMode
                0x08009934       0x14 ./Middlewares/ST/STM32_USB_Device_Library/Core/Src/usbd_core.o
                0x08009934                USBD_RunTestMode
 .text.USBD_SetClassConfig
                0x08009948       0x40 ./Middlewares/ST/STM32_USB_Device_Library/Core/Src/usbd_core.o
                0x08009948                USBD_SetClassConfig
 .text.USBD_ClrClassConfig
                0x08009988       0x28 ./Middlewares/ST/STM32_USB_Device_Library/Core/Src/usbd_core.o
                0x08009988                USBD_ClrClassConfig
 .text.USBD_LL_SetupStage
                0x080099b0       0x94 ./Middlewares/ST/STM32_USB_Device_Library/Core/Src/usbd_core.o
                0x080099b0                USBD_LL_SetupStage
 .text.USBD_LL_DataOutStage
                0x08009a44       0xb8 ./Middlewares/ST/STM32_USB_Device_Library/Core/Src/usbd_core.o
                0x08009a44                USBD_LL_DataOutStage
 .text.USBD_LL_DataInStage
                0x08009afc      0x120 ./Middlewares/ST/STM32_USB_Device_Library/Core/Src/usbd_core.o
                0x08009afc                USBD_LL_DataInStage
 .text.USBD_LL_Reset
                0x08009c1c       0x60 ./Middlewares/ST/STM32_USB_Device_Library/Core/Src/usbd_core.o
                0x08009c1c                USBD_LL_Reset
 .text.USBD_LL_SetSpeed
                0x08009c7c       0x20 ./Middlewares/ST/STM32_USB_Device_Library/Core/Src/usbd_core.o
                0x08009c7c                USBD_LL_SetSpeed
 .text.USBD_LL_Suspend
                0x08009c9c       0x28 ./Middlewares/ST/STM32_USB_Device_Library/Core/Src/usbd_core.o
                0x08009c9c                USBD_LL_Suspend
 .text.USBD_LL_Resume
                0x08009cc4       0x20 ./Middlewares/ST/STM32_USB_Device_Library/Core/Src/usbd_core.o
                0x08009cc4                USBD_LL_Resume
 .text.USBD_LL_SOF
                0x08009ce4       0x34 ./Middlewares/ST/STM32_USB_Device_Library/Core/Src/usbd_core.o
                0x08009ce4                USBD_LL_SOF
 .text.USBD_LL_IsoINIncomplete
                0x08009d18       0x18 ./Middlewares/ST/STM32_USB_Device_Library/Core/Src/usbd_core.o
                0x08009d18                USBD_LL_IsoINIncomplete
 .text.USBD_LL_IsoOUTIncomplete
                0x08009d30       0x18 ./Middlewares/ST/STM32_USB_Device_Library/Core/Src/usbd_core.o
                0x08009d30                USBD_LL_IsoOUTIncomplete
 .text.USBD_LL_DevConnected
                0x08009d48       0x14 ./Middlewares/ST/STM32_USB_Device_Library/Core/Src/usbd_core.o
                0x08009d48                USBD_LL_DevConnected
 .text.USBD_LL_DevDisconnected
                0x08009d5c       0x30 ./Middlewares/ST/STM32_USB_Device_Library/Core/Src/usbd_core.o
                0x08009d5c                USBD_LL_DevDisconnected
 .text.USBD_StdDevReq
                0x08009d8c       0xa0 ./Middlewares/ST/STM32_USB_Device_Library/Core/Src/usbd_ctlreq.o
                0x08009d8c                USBD_StdDevReq
 .text.USBD_StdItfReq
                0x08009e2c       0x68 ./Middlewares/ST/STM32_USB_Device_Library/Core/Src/usbd_ctlreq.o
                0x08009e2c                USBD_StdItfReq
 .text.USBD_StdEPReq
                0x08009e94      0x1b0 ./Middlewares/ST/STM32_USB_Device_Library/Core/Src/usbd_ctlreq.o
                0x08009e94                USBD_StdEPReq
 .text.USBD_GetDescriptor
                0x0800a044      0x1e8 ./Middlewares/ST/STM32_USB_Device_Library/Core/Src/usbd_ctlreq.o
 .text.USBD_SetAddress
                0x0800a22c       0x7c ./Middlewares/ST/STM32_USB_Device_Library/Core/Src/usbd_ctlreq.o
 .text.USBD_SetConfig
                0x0800a2a8      0x110 ./Middlewares/ST/STM32_USB_Device_Library/Core/Src/usbd_ctlreq.o
 .text.USBD_GetConfig
                0x0800a3b8       0x64 ./Middlewares/ST/STM32_USB_Device_Library/Core/Src/usbd_ctlreq.o
 .text.USBD_GetStatus
                0x0800a41c       0x54 ./Middlewares/ST/STM32_USB_Device_Library/Core/Src/usbd_ctlreq.o
 .text.USBD_SetFeature
                0x0800a470       0x38 ./Middlewares/ST/STM32_USB_Device_Library/Core/Src/usbd_ctlreq.o
 .text.USBD_ClrFeature
                0x0800a4a8       0x50 ./Middlewares/ST/STM32_USB_Device_Library/Core/Src/usbd_ctlreq.o
 .text.USBD_ParseSetupRequest
                0x0800a4f8       0x78 ./Middlewares/ST/STM32_USB_Device_Library/Core/Src/usbd_ctlreq.o
                0x0800a4f8                USBD_ParseSetupRequest
 .text.USBD_CtlError
                0x0800a570       0x24 ./Middlewares/ST/STM32_USB_Device_Library/Core/Src/usbd_ctlreq.o
                0x0800a570                USBD_CtlError
 .text.USBD_GetString
                0x0800a594       0x88 ./Middlewares/ST/STM32_USB_Device_Library/Core/Src/usbd_ctlreq.o
                0x0800a594                USBD_GetString
 .text.USBD_GetLen
                0x0800a61c       0x30 ./Middlewares/ST/STM32_USB_Device_Library/Core/Src/usbd_ctlreq.o
 .text.USBD_CtlSendData
                0x0800a64c       0x38 ./Middlewares/ST/STM32_USB_Device_Library/Core/Src/usbd_ioreq.o
                0x0800a64c                USBD_CtlSendData
 .text.USBD_CtlContinueSendData
                0x0800a684       0x24 ./Middlewares/ST/STM32_USB_Device_Library/Core/Src/usbd_ioreq.o
                0x0800a684                USBD_CtlContinueSendData
 .text.USBD_CtlPrepareRx
                0x0800a6a8       0x3c ./Middlewares/ST/STM32_USB_Device_Library/Core/Src/usbd_ioreq.o
                0x0800a6a8                USBD_CtlPrepareRx
 .text.USBD_CtlContinueRx
                0x0800a6e4       0x24 ./Middlewares/ST/STM32_USB_Device_Library/Core/Src/usbd_ioreq.o
                0x0800a6e4                USBD_CtlContinueRx
 .text.USBD_CtlSendStatus
                0x0800a708       0x28 ./Middlewares/ST/STM32_USB_Device_Library/Core/Src/usbd_ioreq.o
                0x0800a708                USBD_CtlSendStatus
 .text.USBD_CtlReceiveStatus
                0x0800a730       0x28 ./Middlewares/ST/STM32_USB_Device_Library/Core/Src/usbd_ioreq.o
                0x0800a730                USBD_CtlReceiveStatus
 .text.USBD_CDC_Init
                0x0800a758       0xd4 ./Middlewares/ST/STM32_USB_Device_Library/Class/CDC/Src/usbd_cdc.o
 .text.USBD_CDC_DeInit
                0x0800a82c       0x5c ./Middlewares/ST/STM32_USB_Device_Library/Class/CDC/Src/usbd_cdc.o
 .text.USBD_CDC_Setup
                0x0800a888       0xc0 ./Middlewares/ST/STM32_USB_Device_Library/Class/CDC/Src/usbd_cdc.o
 .text.USBD_CDC_DataIn
                0x0800a948       0x38 ./Middlewares/ST/STM32_USB_Device_Library/Class/CDC/Src/usbd_cdc.o
 .text.USBD_CDC_DataOut
                0x0800a980       0x58 ./Middlewares/ST/STM32_USB_Device_Library/Class/CDC/Src/usbd_cdc.o
 .text.USBD_CDC_EP0_RxReady
                0x0800a9d8       0x50 ./Middlewares/ST/STM32_USB_Device_Library/Class/CDC/Src/usbd_cdc.o
 .text.USBD_CDC_GetFSCfgDesc
                0x0800aa28       0x20 ./Middlewares/ST/STM32_USB_Device_Library/Class/CDC/Src/usbd_cdc.o
 .text.USBD_CDC_GetHSCfgDesc
                0x0800aa48       0x20 ./Middlewares/ST/STM32_USB_Device_Library/Class/CDC/Src/usbd_cdc.o
 .text.USBD_CDC_GetOtherSpeedCfgDesc
                0x0800aa68       0x20 ./Middlewares/ST/STM32_USB_Device_Library/Class/CDC/Src/usbd_cdc.o
 .text.USBD_CDC_GetDeviceQualifierDescriptor
                0x0800aa88       0x20 ./Middlewares/ST/STM32_USB_Device_Library/Class/CDC/Src/usbd_cdc.o
                0x0800aa88                USBD_CDC_GetDeviceQualifierDescriptor
 .text.USBD_CDC_RegisterInterface
                0x0800aaa8       0x2c ./Middlewares/ST/STM32_USB_Device_Library/Class/CDC/Src/usbd_cdc.o
                0x0800aaa8                USBD_CDC_RegisterInterface
 .text.USBD_CDC_SetTxBuffer
                0x0800aad4       0x34 ./Middlewares/ST/STM32_USB_Device_Library/Class/CDC/Src/usbd_cdc.o
                0x0800aad4                USBD_CDC_SetTxBuffer
 .text.USBD_CDC_SetRxBuffer
                0x0800ab08       0x28 ./Middlewares/ST/STM32_USB_Device_Library/Class/CDC/Src/usbd_cdc.o
                0x0800ab08                USBD_CDC_SetRxBuffer
 .text.USBD_CDC_TransmitPacket
                0x0800ab30       0x54 ./Middlewares/ST/STM32_USB_Device_Library/Class/CDC/Src/usbd_cdc.o
                0x0800ab30                USBD_CDC_TransmitPacket
 .text.USBD_CDC_ReceivePacket
                0x0800ab84       0x54 ./Middlewares/ST/STM32_USB_Device_Library/Class/CDC/Src/usbd_cdc.o
                0x0800ab84                USBD_CDC_ReceivePacket
 .text.ceil     0x0800abd8      0x110 c:/arm/toolchain/bin/../lib/gcc/arm-none-eabi/5.2.1/../../../../arm-none-eabi/lib/armv7-m\libm.a(lib_a-s_ceil.o)
                0x0800abd8                ceil
 .text.floor    0x0800ace8      0x110 c:/arm/toolchain/bin/../lib/gcc/arm-none-eabi/5.2.1/../../../../arm-none-eabi/lib/armv7-m\libm.a(lib_a-s_floor.o)
                0x0800ace8                floor
 .text.lround   0x0800adf8       0x94 c:/arm/toolchain/bin/../lib/gcc/arm-none-eabi/5.2.1/../../../../arm-none-eabi/lib/armv7-m\libm.a(lib_a-s_lround.o)
                0x0800adf8                lround
 .text.trunc    0x0800ae8c       0x6c c:/arm/toolchain/bin/../lib/gcc/arm-none-eabi/5.2.1/../../../../arm-none-eabi/lib/armv7-m\libm.a(lib_a-s_trunc.o)
                0x0800ae8c                trunc
 .text.sqrt     0x0800aef8       0xac c:/arm/toolchain/bin/../lib/gcc/arm-none-eabi/5.2.1/../../../../arm-none-eabi/lib/armv7-m\libm.a(lib_a-w_sqrt.o)
                0x0800aef8                sqrt
 .text.__ieee754_sqrt
                0x0800afa4      0x188 c:/arm/toolchain/bin/../lib/gcc/arm-none-eabi/5.2.1/../../../../arm-none-eabi/lib/armv7-m\libm.a(lib_a-e_sqrt.o)
                0x0800afa4                __ieee754_sqrt
 .text.__fpclassifyd
                0x0800b12c       0x54 c:/arm/toolchain/bin/../lib/gcc/arm-none-eabi/5.2.1/../../../../arm-none-eabi/lib/armv7-m\libm.a(lib_a-s_fpclassify.o)
                0x0800b12c                __fpclassifyd
 .text.matherr  0x0800b180        0x4 c:/arm/toolchain/bin/../lib/gcc/arm-none-eabi/5.2.1/../../../../arm-none-eabi/lib/armv7-m\libm.a(lib_a-s_matherr.o)
                0x0800b180                matherr
 .text          0x0800b184      0x370 c:/arm/toolchain/bin/../lib/gcc/arm-none-eabi/5.2.1/armv7-m\libgcc.a(_arm_addsubdf3.o)
                0x0800b184                __aeabi_drsub
                0x0800b18c                __aeabi_dsub
                0x0800b18c                __subdf3
                0x0800b190                __aeabi_dadd
                0x0800b190                __adddf3
                0x0800b408                __floatunsidf
                0x0800b408                __aeabi_ui2d
                0x0800b428                __floatsidf
                0x0800b428                __aeabi_i2d
                0x0800b44c                __aeabi_f2d
                0x0800b44c                __extendsfdf2
                0x0800b488                __floatundidf
                0x0800b488                __aeabi_ul2d
                0x0800b498                __floatdidf
                0x0800b498                __aeabi_l2d
 .text          0x0800b4f4      0x424 c:/arm/toolchain/bin/../lib/gcc/arm-none-eabi/5.2.1/armv7-m\libgcc.a(_arm_muldivdf3.o)
                0x0800b4f4                __aeabi_dmul
                0x0800b4f4                __muldf3
                0x0800b748                __divdf3
                0x0800b748                __aeabi_ddiv
 .text          0x0800b918      0x110 c:/arm/toolchain/bin/../lib/gcc/arm-none-eabi/5.2.1/armv7-m\libgcc.a(_arm_cmpdf2.o)
                0x0800b918                __gtdf2
                0x0800b918                __gedf2
                0x0800b920                __ltdf2
                0x0800b920                __ledf2
                0x0800b928                __nedf2
                0x0800b928                __eqdf2
                0x0800b928                __cmpdf2
                0x0800b9a4                __aeabi_cdrcmple
                0x0800b9b4                __aeabi_cdcmpeq
                0x0800b9b4                __aeabi_cdcmple
                0x0800b9c4                __aeabi_dcmpeq
                0x0800b9d8                __aeabi_dcmplt
                0x0800b9ec                __aeabi_dcmple
                0x0800ba00                __aeabi_dcmpge
                0x0800ba14                __aeabi_dcmpgt
 .text          0x0800ba28       0x50 c:/arm/toolchain/bin/../lib/gcc/arm-none-eabi/5.2.1/armv7-m\libgcc.a(_arm_fixdfsi.o)
                0x0800ba28                __aeabi_d2iz
                0x0800ba28                __fixdfsi
 .text          0x0800ba78       0x40 c:/arm/toolchain/bin/../lib/gcc/arm-none-eabi/5.2.1/armv7-m\libgcc.a(_arm_fixunsdfsi.o)
                0x0800ba78                __aeabi_d2uiz
                0x0800ba78                __fixunsdfsi
 .text          0x0800bab8       0xa0 c:/arm/toolchain/bin/../lib/gcc/arm-none-eabi/5.2.1/armv7-m\libgcc.a(_arm_truncdfsf2.o)
                0x0800bab8                __truncdfsf2
                0x0800bab8                __aeabi_d2f
 .text          0x0800bb58      0x21c c:/arm/toolchain/bin/../lib/gcc/arm-none-eabi/5.2.1/armv7-m\libgcc.a(_arm_addsubsf3.o)
                0x0800bb58                __aeabi_frsub
                0x0800bb60                __subsf3
                0x0800bb60                __aeabi_fsub
                0x0800bb64                __aeabi_fadd
                0x0800bb64                __addsf3
                0x0800bcc4                __aeabi_ui2f
                0x0800bcc4                __floatunsisf
                0x0800bccc                __aeabi_i2f
                0x0800bccc                __floatsisf
                0x0800bce8                __aeabi_ul2f
                0x0800bce8                __floatundisf
                0x0800bcf8                __aeabi_l2f
                0x0800bcf8                __floatdisf
 .text          0x0800bd74      0x2a0 c:/arm/toolchain/bin/../lib/gcc/arm-none-eabi/5.2.1/armv7-m\libgcc.a(_arm_muldivsf3.o)
                0x0800bd74                __mulsf3
                0x0800bd74                __aeabi_fmul
                0x0800bedc                __aeabi_fdiv
                0x0800bedc                __divsf3
 .text          0x0800c014       0xec c:/arm/toolchain/bin/../lib/gcc/arm-none-eabi/5.2.1/armv7-m\libgcc.a(_arm_cmpsf2.o)
                0x0800c014                __gesf2
                0x0800c014                __gtsf2
                0x0800c01c                __lesf2
                0x0800c01c                __ltsf2
                0x0800c024                __nesf2
                0x0800c024                __eqsf2
                0x0800c024                __cmpsf2
                0x0800c084                __aeabi_cfrcmple
                0x0800c08c                __aeabi_cfcmpeq
                0x0800c08c                __aeabi_cfcmple
                0x0800c09c                __aeabi_fcmpeq
                0x0800c0b0                __aeabi_fcmplt
                0x0800c0c4                __aeabi_fcmple
                0x0800c0d8                __aeabi_fcmpge
                0x0800c0ec                __aeabi_fcmpgt
 .text          0x0800c100       0x4c c:/arm/toolchain/bin/../lib/gcc/arm-none-eabi/5.2.1/armv7-m\libgcc.a(_arm_fixsfsi.o)
                0x0800c100                __aeabi_f2iz
                0x0800c100                __fixsfsi
 .text          0x0800c14c       0x40 c:/arm/toolchain/bin/../lib/gcc/arm-none-eabi/5.2.1/armv7-m\libgcc.a(_arm_fixunssfsi.o)
                0x0800c14c                __fixunssfsi
                0x0800c14c                __aeabi_f2uiz
 .text.__errno  0x0800c18c        0xc c:/arm/toolchain/bin/../lib/gcc/arm-none-eabi/5.2.1/../../../../arm-none-eabi/lib/armv7-m\libg_nano.a(lib_a-errno.o)
                0x0800c18c                __errno
 .text.labs     0x0800c198        0x8 c:/arm/toolchain/bin/../lib/gcc/arm-none-eabi/5.2.1/../../../../arm-none-eabi/lib/armv7-m\libg_nano.a(lib_a-labs.o)
                0x0800c198                labs
 .text.malloc   0x0800c1a0       0x10 c:/arm/toolchain/bin/../lib/gcc/arm-none-eabi/5.2.1/../../../../arm-none-eabi/lib/armv7-m\libg_nano.a(lib_a-malloc.o)
                0x0800c1a0                malloc
 .text.free     0x0800c1b0       0x10 c:/arm/toolchain/bin/../lib/gcc/arm-none-eabi/5.2.1/../../../../arm-none-eabi/lib/armv7-m\libg_nano.a(lib_a-malloc.o)
                0x0800c1b0                free
 .text.memcpy   0x0800c1c0       0x16 c:/arm/toolchain/bin/../lib/gcc/arm-none-eabi/5.2.1/../../../../arm-none-eabi/lib/armv7-m\libg_nano.a(lib_a-memcpy-stub.o)
                0x0800c1c0                memcpy
 .text.memset   0x0800c1d6       0x10 c:/arm/toolchain/bin/../lib/gcc/arm-none-eabi/5.2.1/../../../../arm-none-eabi/lib/armv7-m\libg_nano.a(lib_a-memset.o)
                0x0800c1d6                memset
 *fill*         0x0800c1e6        0x2 
 .text._free_r  0x0800c1e8       0x88 c:/arm/toolchain/bin/../lib/gcc/arm-none-eabi/5.2.1/../../../../arm-none-eabi/lib/armv7-m\libg_nano.a(lib_a-nano-freer.o)
                0x0800c1e8                _free_r
 .text._malloc_r
                0x0800c270       0xa8 c:/arm/toolchain/bin/../lib/gcc/arm-none-eabi/5.2.1/../../../../arm-none-eabi/lib/armv7-m\libg_nano.a(lib_a-nano-mallocr.o)
                0x0800c270                _malloc_r
 .text._sbrk_r  0x0800c318       0x20 c:/arm/toolchain/bin/../lib/gcc/arm-none-eabi/5.2.1/../../../../arm-none-eabi/lib/armv7-m\libg_nano.a(lib_a-sbrkr.o)
                0x0800c318                _sbrk_r
 .text          0x0800c338       0x10 c:/arm/toolchain/bin/../lib/gcc/arm-none-eabi/5.2.1/../../../../arm-none-eabi/lib/armv7-m\libg_nano.a(lib_a-strlen.o)
                0x0800c338                strlen
 .text._vsnprintf_r
                0x0800c348       0x56 c:/arm/toolchain/bin/../lib/gcc/arm-none-eabi/5.2.1/../../../../arm-none-eabi/lib/armv7-m\libg_nano.a(lib_a-vsnprintf.o)
                0x0800c348                _vsniprintf_r
                0x0800c348                _vsnprintf_r
 *fill*         0x0800c39e        0x2 
 .text.vsnprintf
                0x0800c3a0       0x1c c:/arm/toolchain/bin/../lib/gcc/arm-none-eabi/5.2.1/../../../../arm-none-eabi/lib/armv7-m\libg_nano.a(lib_a-vsnprintf.o)
                0x0800c3a0                vsniprintf
                0x0800c3a0                vsnprintf
 .text.__ssputs_r
                0x0800c3bc       0xb2 c:/arm/toolchain/bin/../lib/gcc/arm-none-eabi/5.2.1/../../../../arm-none-eabi/lib/armv7-m\libg_nano.a(lib_a-nano-svfprintf.o)
                0x0800c3bc                __ssputs_r
 *fill*         0x0800c46e        0x2 
 .text._svfprintf_r
                0x0800c470      0x1e8 c:/arm/toolchain/bin/../lib/gcc/arm-none-eabi/5.2.1/../../../../arm-none-eabi/lib/armv7-m\libg_nano.a(lib_a-nano-svfprintf.o)
                0x0800c470                _svfiprintf_r
                0x0800c470                _svfprintf_r
 .text._printf_common
                0x0800c658       0xec c:/arm/toolchain/bin/../lib/gcc/arm-none-eabi/5.2.1/../../../../arm-none-eabi/lib/armv7-m\libg_nano.a(lib_a-nano-vfprintf_i.o)
                0x0800c658                _printf_common
 .text._printf_i
                0x0800c744      0x24c c:/arm/toolchain/bin/../lib/gcc/arm-none-eabi/5.2.1/../../../../arm-none-eabi/lib/armv7-m\libg_nano.a(lib_a-nano-vfprintf_i.o)
                0x0800c744                _printf_i
 .text.memchr   0x0800c990       0x1c c:/arm/toolchain/bin/../lib/gcc/arm-none-eabi/5.2.1/../../../../arm-none-eabi/lib/armv7-m\libg_nano.a(lib_a-memchr-stub.o)
                0x0800c990                memchr
 .text.memmove  0x0800c9ac       0x36 c:/arm/toolchain/bin/../lib/gcc/arm-none-eabi/5.2.1/../../../../arm-none-eabi/lib/armv7-m\libg_nano.a(lib_a-memmove.o)
                0x0800c9ac                memmove
 .text._realloc_r
                0x0800c9e2       0x4c c:/arm/toolchain/bin/../lib/gcc/arm-none-eabi/5.2.1/../../../../arm-none-eabi/lib/armv7-m\libg_nano.a(lib_a-nano-reallocr.o)
                0x0800c9e2                _realloc_r
 .text._malloc_usable_size_r
                0x0800ca2e       0x14 c:/arm/toolchain/bin/../lib/gcc/arm-none-eabi/5.2.1/../../../../arm-none-eabi/lib/armv7-m\libg_nano.a(lib_a-nano-msizer.o)
                0x0800ca2e                _malloc_usable_size_r
 *(.rodata .rodata.* .constdata .constdata.*)
 *fill*         0x0800ca42        0x2 
 .rodata.APBAHBPrescTable
                0x0800ca44       0x10 ./system/src/stm32f2xx/stm32f2xx_hal_rcc.o
                0x0800ca44                APBAHBPrescTable
 .rodata        0x0800ca54      0x146 ./system/src/cortexm/exception_handlers.o
 *fill*         0x0800cb9a        0x2 
 .rodata.AHBPrescTable
                0x0800cb9c       0x10 ./system/src/cmsis/system_stm32f2xx.o
                0x0800cb9c                AHBPrescTable
 .rodata        0x0800cbac       0x72 ./src/gcode.o
 *fill*         0x0800cc1e        0x2 
 .rodata.gpio_info
                0x0800cc20       0xf0 ./src/gpio.o
 .rodata        0x0800cd10       0x1a ./src/usbd_cdc_if.o
 *fill*         0x0800cd2a        0x2 
 .rodata        0x0800cd2c       0x56 ./src/usbd_desc.o
 *fill*         0x0800cd82        0x2 
 .rodata.str1.4
                0x0800cd84        0x8 c:/arm/toolchain/bin/../lib/gcc/arm-none-eabi/5.2.1/../../../../arm-none-eabi/lib/armv7-m\libm.a(lib_a-w_sqrt.o)
                                  0x5 (size before relaxing)
 .rodata.str1.1
                0x0800cd8c        0x2 c:/arm/toolchain/bin/../lib/gcc/arm-none-eabi/5.2.1/../../../../arm-none-eabi/lib/armv7-m\libg_nano.a(lib_a-impure.o)
 .rodata.str1.1
                0x0800cd8e       0x11 c:/arm/toolchain/bin/../lib/gcc/arm-none-eabi/5.2.1/../../../../arm-none-eabi/lib/armv7-m\libg_nano.a(lib_a-nano-svfprintf.o)
 .rodata.str1.1
                0x0800cd9f       0x22 c:/arm/toolchain/bin/../lib/gcc/arm-none-eabi/5.2.1/../../../../arm-none-eabi/lib/armv7-m\libg_nano.a(lib_a-nano-vfprintf_i.o)
 *(vtable)
 *(.eh_frame*)
 *(.glue_7)
 .glue_7        0x0800cdc1        0x0 linker stubs
 *(.glue_7t)
 .glue_7t       0x0800cdc1        0x0 linker stubs

.vfp11_veneer   0x0800cdc4        0x0
 .vfp11_veneer  0x0800cdc4        0x0 linker stubs

.v4_bx          0x0800cdc4        0x0
 .v4_bx         0x0800cdc4        0x0 linker stubs

.iplt           0x0800cdc4        0x0
 .iplt          0x0800cdc4        0x0 ./system/src/stm32f2xx/stm32f2xx_hal.o

.rel.dyn        0x0800cdc4        0x0
 .rel.iplt      0x0800cdc4        0x0 ./system/src/stm32f2xx/stm32f2xx_hal.o

.ARM.extab
 *(.ARM.extab* .gnu.linkonce.armextab.*)
                0x0800cdc4                . = ALIGN (0x4)
                0x0800cdc4                __exidx_start = .

.ARM.exidx
 *(.ARM.exidx* .gnu.linkonce.armexidx.*)
                0x0800cdc4                __exidx_end = .
                0x0800cdc4                . = ALIGN (0x4)
                0x0800cdc4                _etext = .
                0x0800cdc4                __etext = .

.data_CCMRAM    0x10000000        0x0 load address 0x0800cdc4
 FILL mask 0xff
 *(.data.CCMRAM .data.CCMRAM.*)
                0x10000000                . = ALIGN (0x4)
                0x0800cdc4                _sidata = LOADADDR (.data)

.data           0x20000000      0x1d4 load address 0x0800cdc4
 FILL mask 0xff
                0x20000000                _sdata = .
                0x20000000                __data_start__ = .
 *(.data_begin .data_begin.*)
 .data_begin    0x20000000        0x4 ./system/src/newlib/_startup.o
 *(.data .data.*)
 .data.argv.4231
                0x20000004        0x8 ./system/src/newlib/_syscalls.o
 .data.SystemCoreClock
                0x2000000c        0x4 ./system/src/cmsis/system_stm32f2xx.o
                0x2000000c                SystemCoreClock
 .data.LineCoding
                0x20000010        0x8 ./src/usbd_cdc_if.o
 .data.USBD_Interface_fops_FS
                0x20000018       0x10 ./src/usbd_cdc_if.o
                0x20000018                USBD_Interface_fops_FS
 .data.FS_Desc  0x20000028       0x1c ./src/usbd_desc.o
                0x20000028                FS_Desc
 .data.USBD_FS_DeviceDesc
                0x20000044       0x12 ./src/usbd_desc.o
                0x20000044                USBD_FS_DeviceDesc
 *fill*         0x20000056        0x2 ff
 .data.USBD_LangIDDesc
                0x20000058        0x4 ./src/usbd_desc.o
                0x20000058                USBD_LangIDDesc
 .data.USBD_CDC_DeviceQualifierDesc
                0x2000005c        0xa ./Middlewares/ST/STM32_USB_Device_Library/Class/CDC/Src/usbd_cdc.o
 *fill*         0x20000066        0x2 ff
 .data.USBD_CDC
                0x20000068       0x38 ./Middlewares/ST/STM32_USB_Device_Library/Class/CDC/Src/usbd_cdc.o
                0x20000068                USBD_CDC
 .data.USBD_CDC_CfgHSDesc
                0x200000a0       0x43 ./Middlewares/ST/STM32_USB_Device_Library/Class/CDC/Src/usbd_cdc.o
                0x200000a0                USBD_CDC_CfgHSDesc
 *fill*         0x200000e3        0x1 ff
 .data.USBD_CDC_CfgFSDesc
                0x200000e4       0x43 ./Middlewares/ST/STM32_USB_Device_Library/Class/CDC/Src/usbd_cdc.o
                0x200000e4                USBD_CDC_CfgFSDesc
 *fill*         0x20000127        0x1 ff
 .data.USBD_CDC_OtherSpeedCfgDesc
                0x20000128       0x43 ./Middlewares/ST/STM32_USB_Device_Library/Class/CDC/Src/usbd_cdc.o
                0x20000128                USBD_CDC_OtherSpeedCfgDesc
 .data.__fdlib_version
                0x2000016b        0x1 c:/arm/toolchain/bin/../lib/gcc/arm-none-eabi/5.2.1/../../../../arm-none-eabi/lib/armv7-m\libm.a(lib_a-s_lib_ver.o)
                0x2000016b                __fdlib_version
 .data.impure_data
                0x2000016c       0x60 c:/arm/toolchain/bin/../lib/gcc/arm-none-eabi/5.2.1/../../../../arm-none-eabi/lib/armv7-m\libg_nano.a(lib_a-impure.o)
 .data._impure_ptr
                0x200001cc        0x4 c:/arm/toolchain/bin/../lib/gcc/arm-none-eabi/5.2.1/../../../../arm-none-eabi/lib/armv7-m\libg_nano.a(lib_a-impure.o)
                0x200001cc                _impure_ptr
 *(.data_end .data_end.*)
 .data_end      0x200001d0        0x4 ./system/src/newlib/_startup.o
                0x200001d4                . = ALIGN (0x4)
                0x200001d4                _edata = .
                0x200001d4                __data_end__ = .

.igot.plt       0x200001d4        0x0 load address 0x0800cf98
 .igot.plt      0x200001d4        0x0 ./system/src/stm32f2xx/stm32f2xx_hal.o

.bss_CCMRAM     0x10000000        0x0
 *(.bss.CCMRAM .bss.CCMRAM.*)

.bss            0x200001d8     0x2578
                0x200001d8                __bss_start__ = .
                0x200001d8                _sbss = .
 *(.bss_begin .bss_begin.*)
 .bss_begin     0x200001d8        0x4 ./system/src/newlib/_startup.o
 *(.bss .bss.*)
 .bss.uwTick    0x200001dc        0x4 ./system/src/stm32f2xx/stm32f2xx_hal.o
 .bss.current_heap_end.3942
                0x200001e0        0x4 ./system/src/newlib/_sbrk.o
 .bss.name.4230
                0x200001e4        0x1 ./system/src/newlib/_syscalls.o
 *fill*         0x200001e5        0x3 
 .bss.buf.5078  0x200001e8       0x80 ./system/src/diag/Trace.o
 .bss.gc        0x20000268      0x110 ./src/gcode.o
 .bss.position_update_requested
                0x20000378        0x1 ./src/gcode.o
 *fill*         0x20000379        0x7 
 .bss.block_buffer
                0x20000380     0x1080 ./src/planner.o
 .bss.block_buffer_head
                0x20001400        0x1 ./src/planner.o
 .bss.block_buffer_tail
                0x20001401        0x1 ./src/planner.o
 *fill*         0x20001402        0x2 
 .bss.position  0x20001404        0xc ./src/planner.o
 .bss.position_update_requested
                0x20001410        0x1 ./src/planner.o
 *fill*         0x20001411        0x7 
 .bss.previous_unit_vec
                0x20001418       0x18 ./src/planner.o
 .bss.previous_nominal_speed
                0x20001430        0x8 ./src/planner.o
 .bss.step_bits
                0x20001438        0x2 ./src/stepper.o
 .bss.dirn_bits
                0x2000143a        0x2 ./src/stepper.o
 .bss.saved_step_bits
                0x2000143c        0x2 ./src/stepper.o
 *fill*         0x2000143e        0x2 
 .bss.stepper_position
                0x20001440        0xc ./src/stepper.o
 .bss.current_block
                0x2000144c        0x4 ./src/stepper.o
 .bss.counter_x
                0x20001450        0x4 ./src/stepper.o
 .bss.counter_y
                0x20001454        0x4 ./src/stepper.o
 .bss.step_events_completed
                0x20001458        0x4 ./src/stepper.o
 .bss.busy      0x2000145c        0x1 ./src/stepper.o
 *fill*         0x2000145d        0x3 
 .bss.cycles_per_step_event
                0x20001460        0x4 ./src/stepper.o
 .bss.acceleration_tick_counter
                0x20001464        0x4 ./src/stepper.o
 .bss.adjusted_rate
                0x20001468        0x4 ./src/stepper.o
 .bss.processing_flag
                0x2000146c        0x1 ./src/stepper.o
 .bss.stop_requested
                0x2000146d        0x1 ./src/stepper.o
 .bss.stop_status
                0x2000146e        0x1 ./src/stepper.o
 *fill*         0x2000146f        0x1 
 .bss.tx_fifo   0x20001470      0x800 ./src/usbd_cdc_if.o
 .bss.tx_wr     0x20001c70        0x4 ./src/usbd_cdc_if.o
 .bss.tx_rd     0x20001c74        0x4 ./src/usbd_cdc_if.o
 .bss.rx_fifo   0x20001c78      0x200 ./src/usbd_cdc_if.o
 .bss.rx_wr     0x20001e78        0x4 ./src/usbd_cdc_if.o
 .bss.rx_rd     0x20001e7c        0x4 ./src/usbd_cdc_if.o
 .bss.rx_buffer
                0x20001e80       0x40 ./src/usbd_cdc_if.o
 .bss.send_ready_flag
                0x20001ec0        0x1 ./src/usbd_cdc_if.o
 .bss.request_ready_flag
                0x20001ec1        0x1 ./src/usbd_cdc_if.o
 *fill*         0x20001ec2        0x2 
 .bss.rx_buffer_open_slots
                0x20001ec4        0x4 ./src/usbd_cdc_if.o
 .bss.tx_data   0x20001ec8        0x1 ./src/usbd_cdc_if.o
 .bss.bConnected
                0x20001ec9        0x1 ./src/usbd_cdc_if.o
 .bss.bFirstConnected
                0x20001eca        0x1 ./src/usbd_cdc_if.o
 .bss.cfgidx.7980
                0x20001ecb        0x1 ./Middlewares/ST/STM32_USB_Device_Library/Core/Src/usbd_ctlreq.o
 .bss.ifalt.7975
                0x20001ecc        0x1 ./Middlewares/ST/STM32_USB_Device_Library/Class/CDC/Src/usbd_cdc.o
 *fill*         0x20001ecd        0x3 
 .bss.__malloc_sbrk_start
                0x20001ed0        0x4 c:/arm/toolchain/bin/../lib/gcc/arm-none-eabi/5.2.1/../../../../arm-none-eabi/lib/armv7-m\libg_nano.a(lib_a-nano-mallocr.o)
                0x20001ed0                __malloc_sbrk_start
 .bss.__malloc_free_list
                0x20001ed4        0x4 c:/arm/toolchain/bin/../lib/gcc/arm-none-eabi/5.2.1/../../../../arm-none-eabi/lib/armv7-m\libg_nano.a(lib_a-nano-mallocr.o)
                0x20001ed4                __malloc_free_list
 *(COMMON)
 COMMON         0x20001ed8        0x4 ./system/src/newlib/_syscalls.o
                0x20001ed8                errno
 COMMON         0x20001edc       0x5c ./src/gcode.o
                0x20001edc                line_checksum_ok_already
                0x20001ee0                rx_line
                0x20001f30                numChars
                0x20001f34                rx_line_cursor
 COMMON         0x20001f38       0x3c ./src/i2c.o
                0x20001f38                hi2c
 COMMON         0x20001f74        0x4 ./src/timers.o
                0x20001f74                ui_cdc_timer_count
 COMMON         0x20001f78      0x224 ./src/usb.o
                0x20001f78                hUsbDeviceFS
 COMMON         0x2000219c      0x3b0 ./src/usbd_conf.o
                0x2000219c                hpcd_USB_OTG_FS
 COMMON         0x2000254c      0x200 ./src/usbd_desc.o
                0x2000254c                USBD_StrDesc
 *(.bss_end .bss_end.*)
 .bss_end       0x2000274c        0x4 ./system/src/newlib/_startup.o
                0x20002750                . = ALIGN (0x4)
                0x20002750                __bss_end__ = .
                0x20002750                _ebss = .

.noinit_CCMRAM
 *(.noinit.CCMRAM .noinit.CCMRAM.*)

.noinit         0x20002750        0x0
                0x20002750                _noinit = .
 *(.noinit .noinit.*)
                0x20002750                . = ALIGN (0x4)
                0x20002750                _end_noinit = .
                [!provide]                PROVIDE (end, _end_noinit)
                [!provide]                PROVIDE (_end, _end_noinit)
                [!provide]                PROVIDE (__end, _end_noinit)
                [!provide]                PROVIDE (__end__, _end_noinit)

._check_stack   0x20002750      0x100
                0x20002850                . = (. + _Minimum_Stack_Size)
 *fill*         0x20002750      0x100 

.b1text
 *(.b1text)
 *(.b1rodata)
 *(.b1rodata.*)

.eb0text
 *(.eb0text)
 *(.eb0rodata)
 *(.eb0rodata.*)

.eb1text
 *(.eb1text)
 *(.eb1rodata)
 *(.eb1rodata.*)

.eb2text
 *(.eb2text)
 *(.eb2rodata)
 *(.eb2rodata.*)

.eb3text
 *(.eb3text)
 *(.eb3rodata)
 *(.eb3rodata.*)

.stab
 *(.stab)

.stabstr
 *(.stabstr)

.stab.excl
 *(.stab.excl)

.stab.exclstr
 *(.stab.exclstr)

.stab.index
 *(.stab.index)

.stab.indexstr
 *(.stab.indexstr)

.comment        0x00000000       0x6e
 *(.comment)
 .comment       0x00000000       0x6e ./system/src/stm32f2xx/stm32f2xx_hal.o
                                 0x6f (size before relaxing)
 .comment       0x0000006e       0x6f ./system/src/stm32f2xx/stm32f2xx_hal_cortex.o
 .comment       0x0000006e       0x6f ./system/src/stm32f2xx/stm32f2xx_hal_gpio.o
 .comment       0x0000006e       0x6f ./system/src/stm32f2xx/stm32f2xx_hal_i2c.o
 .comment       0x0000006e       0x6f ./system/src/stm32f2xx/stm32f2xx_hal_pcd.o
 .comment       0x0000006e       0x6f ./system/src/stm32f2xx/stm32f2xx_hal_pcd_ex.o
 .comment       0x0000006e       0x6f ./system/src/stm32f2xx/stm32f2xx_hal_rcc.o
 .comment       0x0000006e       0x6f ./system/src/stm32f2xx/stm32f2xx_ll_usb.o
 .comment       0x0000006e       0x6f ./system/src/newlib/_exit.o
 .comment       0x0000006e       0x6f ./system/src/newlib/_sbrk.o
 .comment       0x0000006e       0x6f ./system/src/newlib/_startup.o
 .comment       0x0000006e       0x6f ./system/src/newlib/_syscalls.o
 .comment       0x0000006e       0x6f ./system/src/diag/Trace.o
 .comment       0x0000006e       0x6f ./system/src/diag/trace_impl.o
 .comment       0x0000006e       0x6f ./system/src/cortexm/_initialize_hardware.o
 .comment       0x0000006e       0x6f ./system/src/cortexm/exception_handlers.o
 .comment       0x0000006e       0x6f ./system/src/cmsis/system_stm32f2xx.o
 .comment       0x0000006e       0x6f ./src/delay.o
 .comment       0x0000006e       0x6f ./src/gcode.o
 .comment       0x0000006e       0x6f ./src/gpio.o
 .comment       0x0000006e       0x6f ./src/i2c.o
 .comment       0x0000006e       0x6f ./src/main.o
 .comment       0x0000006e       0x6f ./src/planner.o
 .comment       0x0000006e       0x6f ./src/stepper.o
 .comment       0x0000006e       0x6f ./src/stm32f2xx_hal_msp.o
 .comment       0x0000006e       0x6f ./src/stm32f2xx_it.o
 .comment       0x0000006e       0x6f ./src/timers.o
 .comment       0x0000006e       0x6f ./src/usb.o
 .comment       0x0000006e       0x6f ./src/usbd_cdc_if.o
 .comment       0x0000006e       0x6f ./src/usbd_conf.o
 .comment       0x0000006e       0x6f ./src/usbd_desc.o
 .comment       0x0000006e       0x6f ./Middlewares/ST/STM32_USB_Device_Library/Core/Src/usbd_core.o
 .comment       0x0000006e       0x6f ./Middlewares/ST/STM32_USB_Device_Library/Core/Src/usbd_ctlreq.o
 .comment       0x0000006e       0x6f ./Middlewares/ST/STM32_USB_Device_Library/Core/Src/usbd_ioreq.o
 .comment       0x0000006e       0x6f ./Middlewares/ST/STM32_USB_Device_Library/Class/CDC/Src/usbd_cdc.o

.ARM.attributes
                0x00000000       0x31
 .ARM.attributes
                0x00000000       0x33 ./system/src/stm32f2xx/stm32f2xx_hal.o
 .ARM.attributes
                0x00000033       0x33 ./system/src/stm32f2xx/stm32f2xx_hal_cortex.o
 .ARM.attributes
                0x00000066       0x33 ./system/src/stm32f2xx/stm32f2xx_hal_gpio.o
 .ARM.attributes
                0x00000099       0x33 ./system/src/stm32f2xx/stm32f2xx_hal_i2c.o
 .ARM.attributes
                0x000000cc       0x33 ./system/src/stm32f2xx/stm32f2xx_hal_pcd.o
 .ARM.attributes
                0x000000ff       0x33 ./system/src/stm32f2xx/stm32f2xx_hal_pcd_ex.o
 .ARM.attributes
                0x00000132       0x33 ./system/src/stm32f2xx/stm32f2xx_hal_rcc.o
 .ARM.attributes
                0x00000165       0x33 ./system/src/stm32f2xx/stm32f2xx_ll_usb.o
 .ARM.attributes
                0x00000198       0x33 ./system/src/newlib/_exit.o
 .ARM.attributes
                0x000001cb       0x33 ./system/src/newlib/_sbrk.o
 .ARM.attributes
                0x000001fe       0x33 ./system/src/newlib/_startup.o
 .ARM.attributes
                0x00000231       0x33 ./system/src/newlib/_syscalls.o
 .ARM.attributes
                0x00000264       0x33 ./system/src/diag/Trace.o
 .ARM.attributes
                0x00000297       0x33 ./system/src/diag/trace_impl.o
 .ARM.attributes
                0x000002ca       0x33 ./system/src/cortexm/_initialize_hardware.o
 .ARM.attributes
                0x000002fd       0x33 ./system/src/cortexm/exception_handlers.o
 .ARM.attributes
                0x00000330       0x21 ./system/src/cmsis/startup_stm32f205xx.o
 .ARM.attributes
                0x00000351       0x33 ./system/src/cmsis/system_stm32f2xx.o
 .ARM.attributes
                0x00000384       0x33 ./src/delay.o
 .ARM.attributes
                0x000003b7       0x33 ./src/gcode.o
 .ARM.attributes
                0x000003ea       0x33 ./src/gpio.o
 .ARM.attributes
                0x0000041d       0x33 ./src/i2c.o
 .ARM.attributes
                0x00000450       0x33 ./src/main.o
 .ARM.attributes
                0x00000483       0x33 ./src/planner.o
 .ARM.attributes
                0x000004b6       0x33 ./src/stepper.o
 .ARM.attributes
                0x000004e9       0x33 ./src/stm32f2xx_hal_msp.o
 .ARM.attributes
                0x0000051c       0x33 ./src/stm32f2xx_it.o
 .ARM.attributes
                0x0000054f       0x33 ./src/timers.o
 .ARM.attributes
                0x00000582       0x33 ./src/usb.o
 .ARM.attributes
                0x000005b5       0x33 ./src/usbd_cdc_if.o
 .ARM.attributes
                0x000005e8       0x33 ./src/usbd_conf.o
 .ARM.attributes
                0x0000061b       0x33 ./src/usbd_desc.o
 .ARM.attributes
                0x0000064e       0x33 ./Middlewares/ST/STM32_USB_Device_Library/Core/Src/usbd_core.o
 .ARM.attributes
                0x00000681       0x33 ./Middlewares/ST/STM32_USB_Device_Library/Core/Src/usbd_ctlreq.o
 .ARM.attributes
                0x000006b4       0x33 ./Middlewares/ST/STM32_USB_Device_Library/Core/Src/usbd_ioreq.o
 .ARM.attributes
                0x000006e7       0x33 ./Middlewares/ST/STM32_USB_Device_Library/Class/CDC/Src/usbd_cdc.o
 .ARM.attributes
                0x0000071a       0x2d c:/arm/toolchain/bin/../lib/gcc/arm-none-eabi/5.2.1/../../../../arm-none-eabi/lib/armv7-m\libm.a(lib_a-s_ceil.o)
 .ARM.attributes
                0x00000747       0x2d c:/arm/toolchain/bin/../lib/gcc/arm-none-eabi/5.2.1/../../../../arm-none-eabi/lib/armv7-m\libm.a(lib_a-s_floor.o)
 .ARM.attributes
                0x00000774       0x2d c:/arm/toolchain/bin/../lib/gcc/arm-none-eabi/5.2.1/../../../../arm-none-eabi/lib/armv7-m\libm.a(lib_a-s_lround.o)
 .ARM.attributes
                0x000007a1       0x2d c:/arm/toolchain/bin/../lib/gcc/arm-none-eabi/5.2.1/../../../../arm-none-eabi/lib/armv7-m\libm.a(lib_a-s_trunc.o)
 .ARM.attributes
                0x000007ce       0x2d c:/arm/toolchain/bin/../lib/gcc/arm-none-eabi/5.2.1/../../../../arm-none-eabi/lib/armv7-m\libm.a(lib_a-w_sqrt.o)
 .ARM.attributes
                0x000007fb       0x2d c:/arm/toolchain/bin/../lib/gcc/arm-none-eabi/5.2.1/../../../../arm-none-eabi/lib/armv7-m\libm.a(lib_a-e_sqrt.o)
 .ARM.attributes
                0x00000828       0x2d c:/arm/toolchain/bin/../lib/gcc/arm-none-eabi/5.2.1/../../../../arm-none-eabi/lib/armv7-m\libm.a(lib_a-s_fpclassify.o)
 .ARM.attributes
                0x00000855       0x2d c:/arm/toolchain/bin/../lib/gcc/arm-none-eabi/5.2.1/../../../../arm-none-eabi/lib/armv7-m\libm.a(lib_a-s_lib_ver.o)
 .ARM.attributes
                0x00000882       0x2d c:/arm/toolchain/bin/../lib/gcc/arm-none-eabi/5.2.1/../../../../arm-none-eabi/lib/armv7-m\libm.a(lib_a-s_matherr.o)
 .ARM.attributes
                0x000008af       0x1d c:/arm/toolchain/bin/../lib/gcc/arm-none-eabi/5.2.1/armv7-m\libgcc.a(_arm_addsubdf3.o)
 .ARM.attributes
                0x000008cc       0x1d c:/arm/toolchain/bin/../lib/gcc/arm-none-eabi/5.2.1/armv7-m\libgcc.a(_arm_muldivdf3.o)
 .ARM.attributes
                0x000008e9       0x1d c:/arm/toolchain/bin/../lib/gcc/arm-none-eabi/5.2.1/armv7-m\libgcc.a(_arm_cmpdf2.o)
 .ARM.attributes
                0x00000906       0x1d c:/arm/toolchain/bin/../lib/gcc/arm-none-eabi/5.2.1/armv7-m\libgcc.a(_arm_fixdfsi.o)
 .ARM.attributes
                0x00000923       0x1d c:/arm/toolchain/bin/../lib/gcc/arm-none-eabi/5.2.1/armv7-m\libgcc.a(_arm_fixunsdfsi.o)
 .ARM.attributes
                0x00000940       0x1d c:/arm/toolchain/bin/../lib/gcc/arm-none-eabi/5.2.1/armv7-m\libgcc.a(_arm_truncdfsf2.o)
 .ARM.attributes
                0x0000095d       0x1d c:/arm/toolchain/bin/../lib/gcc/arm-none-eabi/5.2.1/armv7-m\libgcc.a(_arm_addsubsf3.o)
 .ARM.attributes
                0x0000097a       0x1d c:/arm/toolchain/bin/../lib/gcc/arm-none-eabi/5.2.1/armv7-m\libgcc.a(_arm_muldivsf3.o)
 .ARM.attributes
                0x00000997       0x1d c:/arm/toolchain/bin/../lib/gcc/arm-none-eabi/5.2.1/armv7-m\libgcc.a(_arm_cmpsf2.o)
 .ARM.attributes
                0x000009b4       0x1d c:/arm/toolchain/bin/../lib/gcc/arm-none-eabi/5.2.1/armv7-m\libgcc.a(_arm_fixsfsi.o)
 .ARM.attributes
                0x000009d1       0x1d c:/arm/toolchain/bin/../lib/gcc/arm-none-eabi/5.2.1/armv7-m\libgcc.a(_arm_fixunssfsi.o)
 .ARM.attributes
                0x000009ee       0x2d c:/arm/toolchain/bin/../lib/gcc/arm-none-eabi/5.2.1/../../../../arm-none-eabi/lib/armv7-m\libg_nano.a(lib_a-errno.o)
 .ARM.attributes
                0x00000a1b       0x2d c:/arm/toolchain/bin/../lib/gcc/arm-none-eabi/5.2.1/../../../../arm-none-eabi/lib/armv7-m\libg_nano.a(lib_a-impure.o)
 .ARM.attributes
                0x00000a48       0x2d c:/arm/toolchain/bin/../lib/gcc/arm-none-eabi/5.2.1/../../../../arm-none-eabi/lib/armv7-m\libg_nano.a(lib_a-labs.o)
 .ARM.attributes
                0x00000a75       0x2d c:/arm/toolchain/bin/../lib/gcc/arm-none-eabi/5.2.1/../../../../arm-none-eabi/lib/armv7-m\libg_nano.a(lib_a-malloc.o)
 .ARM.attributes
                0x00000aa2       0x2d c:/arm/toolchain/bin/../lib/gcc/arm-none-eabi/5.2.1/../../../../arm-none-eabi/lib/armv7-m\libg_nano.a(lib_a-memcpy-stub.o)
 .ARM.attributes
                0x00000acf       0x2d c:/arm/toolchain/bin/../lib/gcc/arm-none-eabi/5.2.1/../../../../arm-none-eabi/lib/armv7-m\libg_nano.a(lib_a-memset.o)
 .ARM.attributes
                0x00000afc       0x2d c:/arm/toolchain/bin/../lib/gcc/arm-none-eabi/5.2.1/../../../../arm-none-eabi/lib/armv7-m\libg_nano.a(lib_a-nano-freer.o)
 .ARM.attributes
                0x00000b29       0x2d c:/arm/toolchain/bin/../lib/gcc/arm-none-eabi/5.2.1/../../../../arm-none-eabi/lib/armv7-m\libg_nano.a(lib_a-nano-mallocr.o)
 .ARM.attributes
                0x00000b56       0x2d c:/arm/toolchain/bin/../lib/gcc/arm-none-eabi/5.2.1/../../../../arm-none-eabi/lib/armv7-m\libg_nano.a(lib_a-sbrkr.o)
 .ARM.attributes
                0x00000b83       0x17 c:/arm/toolchain/bin/../lib/gcc/arm-none-eabi/5.2.1/../../../../arm-none-eabi/lib/armv7-m\libg_nano.a(lib_a-strlen.o)
 .ARM.attributes
                0x00000b9a       0x2d c:/arm/toolchain/bin/../lib/gcc/arm-none-eabi/5.2.1/../../../../arm-none-eabi/lib/armv7-m\libg_nano.a(lib_a-vsnprintf.o)
 .ARM.attributes
                0x00000bc7       0x2d c:/arm/toolchain/bin/../lib/gcc/arm-none-eabi/5.2.1/../../../../arm-none-eabi/lib/armv7-m\libg_nano.a(lib_a-nano-svfprintf.o)
 .ARM.attributes
                0x00000bf4       0x2d c:/arm/toolchain/bin/../lib/gcc/arm-none-eabi/5.2.1/../../../../arm-none-eabi/lib/armv7-m\libg_nano.a(lib_a-nano-vfprintf_i.o)
 .ARM.attributes
                0x00000c21       0x2d c:/arm/toolchain/bin/../lib/gcc/arm-none-eabi/5.2.1/../../../../arm-none-eabi/lib/armv7-m\libg_nano.a(lib_a-memchr-stub.o)
 .ARM.attributes
                0x00000c4e       0x2d c:/arm/toolchain/bin/../lib/gcc/arm-none-eabi/5.2.1/../../../../arm-none-eabi/lib/armv7-m\libg_nano.a(lib_a-memmove.o)
 .ARM.attributes
                0x00000c7b       0x2d c:/arm/toolchain/bin/../lib/gcc/arm-none-eabi/5.2.1/../../../../arm-none-eabi/lib/armv7-m\libg_nano.a(lib_a-nano-reallocr.o)
 .ARM.attributes
                0x00000ca8       0x2d c:/arm/toolchain/bin/../lib/gcc/arm-none-eabi/5.2.1/../../../../arm-none-eabi/lib/armv7-m\libg_nano.a(lib_a-nano-msizer.o)

.debug
 *(.debug)

.line
 *(.line)

.debug_srcinfo
 *(.debug_srcinfo)

.debug_sfnames
 *(.debug_sfnames)

.debug_aranges  0x00000000     0x1180
 *(.debug_aranges)
 .debug_aranges
                0x00000000       0xc0 ./system/src/stm32f2xx/stm32f2xx_hal.o
 .debug_aranges
                0x000000c0      0x108 ./system/src/stm32f2xx/stm32f2xx_hal_cortex.o
 .debug_aranges
                0x000001c8       0x58 ./system/src/stm32f2xx/stm32f2xx_hal_gpio.o
 .debug_aranges
                0x00000220      0x1e8 ./system/src/stm32f2xx/stm32f2xx_hal_i2c.o
 .debug_aranges
                0x00000408      0x120 ./system/src/stm32f2xx/stm32f2xx_hal_pcd.o
 .debug_aranges
                0x00000528       0x28 ./system/src/stm32f2xx/stm32f2xx_hal_pcd_ex.o
 .debug_aranges
                0x00000550       0x88 ./system/src/stm32f2xx/stm32f2xx_hal_rcc.o
 .debug_aranges
                0x000005d8      0x180 ./system/src/stm32f2xx/stm32f2xx_ll_usb.o
 .debug_aranges
                0x00000758       0x28 ./system/src/newlib/_exit.o
 .debug_aranges
                0x00000780       0x20 ./system/src/newlib/_sbrk.o
 .debug_aranges
                0x000007a0       0x40 ./system/src/newlib/_startup.o
 .debug_aranges
                0x000007e0       0x30 ./system/src/newlib/_syscalls.o
 .debug_aranges
                0x00000810       0x38 ./system/src/diag/Trace.o
 .debug_aranges
                0x00000848       0x30 ./system/src/diag/trace_impl.o
 .debug_aranges
                0x00000878       0x28 ./system/src/cortexm/_initialize_hardware.o
 .debug_aranges
                0x000008a0       0x90 ./system/src/cortexm/exception_handlers.o
 .debug_aranges
                0x00000930       0x28 ./system/src/cmsis/startup_stm32f205xx.o
 .debug_aranges
                0x00000958       0x28 ./system/src/cmsis/system_stm32f2xx.o
 .debug_aranges
                0x00000980       0x30 ./src/delay.o
 .debug_aranges
                0x000009b0       0x68 ./src/gcode.o
 .debug_aranges
                0x00000a18       0x20 ./src/gpio.o
 .debug_aranges
                0x00000a38       0x38 ./src/i2c.o
 .debug_aranges
                0x00000a70       0x28 ./src/main.o
 .debug_aranges
                0x00000a98       0xc0 ./src/planner.o
 .debug_aranges
                0x00000b58      0x110 ./src/stepper.o
 .debug_aranges
                0x00000c68       0x30 ./src/stm32f2xx_hal_msp.o
 .debug_aranges
                0x00000c98       0x28 ./src/stm32f2xx_it.o
 .debug_aranges
                0x00000cc0       0xa8 ./src/timers.o
 .debug_aranges
                0x00000d68       0x20 ./src/usb.o
 .debug_aranges
                0x00000d88       0x90 ./src/usbd_cdc_if.o
 .debug_aranges
                0x00000e18       0xf8 ./src/usbd_conf.o
 .debug_aranges
                0x00000f10       0x50 ./src/usbd_desc.o
 .debug_aranges
                0x00000f60       0xb8 ./Middlewares/ST/STM32_USB_Device_Library/Core/Src/usbd_core.o
 .debug_aranges
                0x00001018       0x88 ./Middlewares/ST/STM32_USB_Device_Library/Core/Src/usbd_ctlreq.o
 .debug_aranges
                0x000010a0       0x50 ./Middlewares/ST/STM32_USB_Device_Library/Core/Src/usbd_ioreq.o
 .debug_aranges
                0x000010f0       0x90 ./Middlewares/ST/STM32_USB_Device_Library/Class/CDC/Src/usbd_cdc.o

.debug_pubnames
 *(.debug_pubnames)

.debug_info     0x00000000    0x108d5
 *(.debug_info .gnu.linkonce.wi.*)
 .debug_info    0x00000000      0x81e ./system/src/stm32f2xx/stm32f2xx_hal.o
 .debug_info    0x0000081e      0xcee ./system/src/stm32f2xx/stm32f2xx_hal_cortex.o
 .debug_info    0x0000150c      0x6f3 ./system/src/stm32f2xx/stm32f2xx_hal_gpio.o
 .debug_info    0x00001bff     0x1881 ./system/src/stm32f2xx/stm32f2xx_hal_i2c.o
 .debug_info    0x00003480      0xe85 ./system/src/stm32f2xx/stm32f2xx_hal_pcd.o
 .debug_info    0x00004305      0x538 ./system/src/stm32f2xx/stm32f2xx_hal_pcd_ex.o
 .debug_info    0x0000483d      0xb02 ./system/src/stm32f2xx/stm32f2xx_hal_rcc.o
 .debug_info    0x0000533f     0x13cf ./system/src/stm32f2xx/stm32f2xx_ll_usb.o
 .debug_info    0x0000670e       0xba ./system/src/newlib/_exit.o
 .debug_info    0x000067c8      0x109 ./system/src/newlib/_sbrk.o
 .debug_info    0x000068d1      0x3d5 ./system/src/newlib/_startup.o
 .debug_info    0x00006ca6      0x19e ./system/src/newlib/_syscalls.o
 .debug_info    0x00006e44      0x1cf ./system/src/diag/Trace.o
 .debug_info    0x00007013      0x2f4 ./system/src/diag/trace_impl.o
 .debug_info    0x00007307      0x26a ./system/src/cortexm/_initialize_hardware.o
 .debug_info    0x00007571      0x618 ./system/src/cortexm/exception_handlers.o
 .debug_info    0x00007b89       0x7a ./system/src/cmsis/startup_stm32f205xx.o
 .debug_info    0x00007c03      0x47c ./system/src/cmsis/system_stm32f2xx.o
 .debug_info    0x0000807f      0x176 ./src/delay.o
 .debug_info    0x000081f5      0x760 ./src/gcode.o
 .debug_info    0x00008955      0x444 ./src/gpio.o
 .debug_info    0x00008d99      0x627 ./src/i2c.o
 .debug_info    0x000093c0      0x221 ./src/main.o
 .debug_info    0x000095e1      0x917 ./src/planner.o
 .debug_info    0x00009ef8      0x89a ./src/stepper.o